Product: MDK-ARM Standard 5.10
Component: ARM Compiler 5.04 update 1 (build 49)
Tool: armlink [5040049]

==============================================================================

Section Cross References

    startup_stm32f10x_hd.o(RESET) refers to startup_stm32f10x_hd.o(STACK) for __initial_sp
    startup_stm32f10x_hd.o(RESET) refers to startup_stm32f10x_hd.o(.text) for Reset_Handler
    startup_stm32f10x_hd.o(RESET) refers to stm32f10x_it.o(.text) for NMI_Handler
    startup_stm32f10x_hd.o(RESET) refers to systick.o(.text) for SysTick_Handler
    startup_stm32f10x_hd.o(RESET) refers to exti0.o(.text) for EXTI0_IRQHandler
    startup_stm32f10x_hd.o(RESET) refers to time3.o(.text) for TIM3_IRQHandler
    startup_stm32f10x_hd.o(RESET) refers to usart.o(.text) for USART1_IRQHandler
    startup_stm32f10x_hd.o(RESET) refers to 485.o(.text) for USART2_IRQHandler
    startup_stm32f10x_hd.o(RESET) refers to time6.o(.text) for TIM6_IRQHandler
    startup_stm32f10x_hd.o(.text) refers to system_stm32f10x.o(.text) for SystemInit
    startup_stm32f10x_hd.o(.text) refers to entry.o(.ARM.Collect$$$$00000000) for __main
    stm32f10x_adc.o(.text) refers to stm32f10x_rcc.o(.text) for RCC_APB2PeriphResetCmd
    stm32f10x_bkp.o(.text) refers to stm32f10x_rcc.o(.text) for RCC_BackupResetCmd
    stm32f10x_can.o(.text) refers to stm32f10x_rcc.o(.text) for RCC_APB1PeriphResetCmd
    stm32f10x_cec.o(.text) refers to stm32f10x_rcc.o(.text) for RCC_APB1PeriphResetCmd
    stm32f10x_dac.o(.text) refers to stm32f10x_rcc.o(.text) for RCC_APB1PeriphResetCmd
    stm32f10x_gpio.o(.text) refers to stm32f10x_rcc.o(.text) for RCC_APB2PeriphResetCmd
    stm32f10x_i2c.o(.text) refers to stm32f10x_rcc.o(.text) for RCC_APB1PeriphResetCmd
    stm32f10x_pwr.o(.text) refers to stm32f10x_rcc.o(.text) for RCC_APB1PeriphResetCmd
    stm32f10x_rcc.o(.text) refers to stm32f10x_rcc.o(.data) for APBAHBPrescTable
    stm32f10x_spi.o(.text) refers to stm32f10x_rcc.o(.text) for RCC_APB2PeriphResetCmd
    stm32f10x_tim.o(.text) refers to stm32f10x_rcc.o(.text) for RCC_APB2PeriphResetCmd
    stm32f10x_usart.o(.text) refers to stm32f10x_rcc.o(.text) for RCC_APB2PeriphResetCmd
    stm32f10x_wwdg.o(.text) refers to stm32f10x_rcc.o(.text) for RCC_APB1PeriphResetCmd
    main.o(.text) refers to led.o(.text) for Led_cnf
    main.o(.text) refers to misc.o(.text) for NVIC_PriorityGroupConfig
    main.o(.text) refers to usart.o(.text) for USART1_Config
    main.o(.text) refers to systick.o(.text) for Systick_Config
    main.o(.text) refers to key.o(.text) for KEY_config
    main.o(.text) refers to 485.o(.text) for RS485Config
    main.o(.text) refers to stm32f10x_gpio.o(.text) for GPIO_SetBits
    main.o(.text) refers to rand.o(.text) for rand
    main.o(.text) refers to stm32f10x_usart.o(.text) for USART_GetFlagStatus
    main.o(.text) refers to printfa.o(i.__0printf) for __2printf
    system_stm32f10x.o(.text) refers to system_stm32f10x.o(.data) for SystemCoreClock
    beep.o(.text) refers to stm32f10x_rcc.o(.text) for RCC_APB2PeriphClockCmd
    beep.o(.text) refers to stm32f10x_gpio.o(.text) for GPIO_Init
    key.o(.text) refers to stm32f10x_rcc.o(.text) for RCC_APB2PeriphClockCmd
    key.o(.text) refers to stm32f10x_gpio.o(.text) for GPIO_Init
    key.o(.text) refers to key.o(.data) for key
    usart.o(.text) refers to stm32f10x_rcc.o(.text) for RCC_APB2PeriphClockCmd
    usart.o(.text) refers to stm32f10x_gpio.o(.text) for GPIO_Init
    usart.o(.text) refers to stm32f10x_usart.o(.text) for USART_Init
    usart.o(.text) refers to misc.o(.text) for NVIC_Init
    usart.o(.text) refers to printfa.o(i.__0printf) for __2printf
    usart.o(.text) refers to strcmp.o(.text) for strcmp
    usart.o(.text) refers to usart.o(.data) for i
    exti0.o(.text) refers to stm32f10x_rcc.o(.text) for RCC_APB2PeriphClockCmd
    exti0.o(.text) refers to stm32f10x_gpio.o(.text) for GPIO_EXTILineConfig
    exti0.o(.text) refers to stm32f10x_exti.o(.text) for EXTI_Init
    exti0.o(.text) refers to misc.o(.text) for NVIC_Init
    exti0.o(.text) refers to printfa.o(i.__0printf) for __2printf
    systick.o(.text) refers to systick.o(.data) for systick_time
    lcd.o(.text) refers to systick.o(.text) for Delay_us
    lcd.o(.text) refers to stm32f10x_rcc.o(.text) for RCC_APB2PeriphClockCmd
    lcd.o(.text) refers to stm32f10x_gpio.o(.text) for GPIO_Init
    lcd.o(.text) refers to stm32f10x_fsmc.o(.text) for FSMC_NORSRAMInit
    lcd.o(.text) refers to lcd.o(.bss) for lcddev
    lcd.o(.text) refers to zi.o(.data) for hz_index
    lcd.o(.text) refers to zi.o(.text) for GB16_NUM
    lcd.o(.text) refers to flash.o(.text) for FLASH_ReadBuffer
    lcd.o(.text) refers to lcd.o(.data) for zk_addr1
    zi.o(.text) refers to zi.o(.data) for zf_index
    lcd2.o(.text) refers to memcpya.o(.text) for __aeabi_memcpy4
    lcd2.o(.text) refers to lcd.o(.text) for show_xXx
    lcd2.o(.text) refers to systick.o(.text) for Delay_us
    lcd2.o(.text) refers to dadd.o(.text) for __aeabi_dsub
[...]

Image Symbol Table

    Local Symbols

    Symbol Name                              Value     Ov Type        Size  Object(Section)

    ../clib/../cmprslib/lz77c.c              0x00000000   Number         0  __dclz77c.o ABSOLUTE
    ../clib/microlib/division.c              0x00000000   Number         0  uidiv.o ABSOLUTE
    ../clib/microlib/division.c              0x00000000   Number         0  uldiv.o ABSOLUTE
    ../clib/microlib/errno.c                 0x00000000   Number         0  errno.o ABSOLUTE
    ../clib/microlib/init/entry.s            0x00000000   Number         0  entry5.o ABSOLUTE
    ../clib/microlib/init/entry.s            0x00000000   Number         0  entry9a.o ABSOLUTE
    ../clib/microlib/init/entry.s            0x00000000   Number         0  entry8b.o ABSOLUTE
    ../clib/microlib/init/entry.s            0x00000000   Number         0  entry8a.o ABSOLUTE
    ../clib/microlib/init/entry.s            0x00000000   Number         0  entry9b.o ABSOLUTE
    ../clib/microlib/init/entry.s            0x00000000   Number         0  entry.o ABSOLUTE
    ../clib/microlib/init/entry.s            0x00000000   Number         0  entry7b.o ABSOLUTE
    ../clib/microlib/init/entry.s            0x00000000   Number         0  entry2.o ABSOLUTE
    ../clib/microlib/init/entry.s            0x00000000   Number         0  entry11b.o ABSOLUTE
    ../clib/microlib/init/entry.s            0x00000000   Number         0  entry11a.o ABSOLUTE
    ../clib/microlib/init/entry.s            0x00000000   Number         0  entry7a.o ABSOLUTE
    ../clib/microlib/init/entry.s            0x00000000   Number         0  entry10a.o ABSOLUTE
    ../clib/microlib/init/entry.s            0x00000000   Number         0  entry10b.o ABSOLUTE
    ../clib/microlib/longlong.c              0x00000000   Number         0  llsshr.o ABSOLUTE
    ../clib/microlib/longlong.c              0x00000000   Number         0  llushr.o ABSOLUTE
    ../clib/microlib/longlong.c              0x00000000   Number         0  llshl.o ABSOLUTE
    ../clib/microlib/printf/printf.c         0x00000000   Number         0  printf1.o ABSOLUTE
    ../clib/microlib/printf/printf.c         0x00000000   Number         0  printf2.o ABSOLUTE
    ../clib/microlib/printf/printf.c         0x00000000   Number         0  printf3.o ABSOLUTE
    ../clib/microlib/printf/printf.c         0x00000000   Number         0  printf5.o ABSOLUTE
    ../clib/microlib/printf/printf.c         0x00000000   Number         0  printfa.o ABSOLUTE
    ../clib/microlib/printf/printf.c         0x00000000   Number         0  printf8.o ABSOLUTE
    ../clib/microlib/printf/printf.c         0x00000000   Number         0  printf7.o ABSOLUTE
    ../clib/microlib/printf/printf.c         0x00000000   Number         0  printf4.o ABSOLUTE
    ../clib/microlib/printf/printf.c         0x00000000   Number         0  printf6.o ABSOLUTE
    ../clib/microlib/printf/printf.c         0x00000000   Number         0  printfb.o ABSOLUTE
    ../clib/microlib/printf/printf.c         0x00000000   Number         0  printf0.o ABSOLUTE
    ../clib/microlib/printf/stubs.s          0x00000000   Number         0  stubs.o ABSOLUTE
    ../clib/microlib/stdio/streams.c         0x00000000   Number         0  stdout.o ABSOLUTE
    ../clib/microlib/stdlib/rand.c           0x00000000   Number         0  rand.o ABSOLUTE
    ../clib/microlib/string/memcpy.c         0x00000000   Number         0  memcpyb.o ABSOLUTE
    ../clib/microlib/string/memcpy.c         0x00000000   Number         0  memcpya.o ABSOLUTE
    ../clib/microlib/string/strcmp.c         0x00000000   Number         0  strcmp.o ABSOLUTE
    ../clib/microlib/stubs.s                 0x00000000   Number         0  iusefp.o ABSOLUTE
    ../fplib/microlib/d2f.c                  0x00000000   Number         0  d2f.o ABSOLUTE
    ../fplib/microlib/f2d.c                  0x00000000   Number         0  f2d.o ABSOLUTE
    ../fplib/microlib/fpadd.c                0x00000000   Number         0  fadd.o ABSOLUTE
    ../fplib/microlib/fpadd.c                0x00000000   Number         0  dadd.o ABSOLUTE
    ../fplib/microlib/fpdiv.c                0x00000000   Number         0  ddiv.o ABSOLUTE
    ../fplib/microlib/fpdiv.c                0x00000000   Number         0  fdiv.o ABSOLUTE
    ../fplib/microlib/fpepilogue.c           0x00000000   Number         0  depilogue.o ABSOLUTE
    ../fplib/microlib/fpepilogue.c           0x00000000   Number         0  fepilogue.o ABSOLUTE
    ../fplib/microlib/fpfix.c                0x00000000   Number         0  dfixui.o ABSOLUTE
    ../fplib/microlib/fpfix.c                0x00000000   Number         0  dfixul.o ABSOLUTE
    ../fplib/microlib/fpfix.c                0x00000000   Number         0  dfixi.o ABSOLUTE
    ../fplib/microlib/fpfix.c                0x00000000   Number         0  ffixi.o ABSOLUTE
    ../fplib/microlib/fpflt.c                0x00000000   Number         0  fflti.o ABSOLUTE
    ../fplib/microlib/fpflt.c                0x00000000   Number         0  ffltui.o ABSOLUTE
    ../fplib/microlib/fpflt.c                0x00000000   Number         0  dflti.o ABSOLUTE
    ../fplib/microlib/fpmul.c                0x00000000   Number         0  fmul.o ABSOLUTE
    ../fplib/microlib/fpmul.c                0x00000000   Number         0  dmul.o ABSOLUTE
    ../fplib/microlib/fpsqrt.c               0x00000000   Number         0  dsqrt.o ABSOLUTE
    ../mathlib/sqrt.c                        0x00000000   Number         0  sqrt.o ABSOLUTE
    ../mathlib/sqrt.c                        0x00000000   Number         0  sqrt_x.o ABSOLUTE
    ..\GUI\GUI_TEST\gui_test.c               0x00000000   Number         0  gui_test.o ABSOLUTE
    ..\GUI\ZLG_GUI\ConvertColor.c            0x00000000   Number         0  convertcolor.o ABSOLUTE
    ..\GUI\ZLG_GUI\FONT24_32.C               0x00000000   Number         0  font24_32.o ABSOLUTE
    ..\GUI\ZLG_GUI\FONT8_8.C                 0x00000000   Number         0  font8_8.o ABSOLUTE
    ..\GUI\ZLG_GUI\GUI_BASIC.C               0x00000000   Number         0  gui_basic.o ABSOLUTE
    ..\GUI\ZLG_GUI\GUI_StockC.C              0x00000000   Number         0  gui_stockc.o ABSOLUTE
    ..\GUI\ZLG_GUI\font5_7.c                 0x00000000   Number         0  font5_7.o ABSOLUTE
    ..\GUI\ZLG_GUI\loadbit.c                 0x00000000   Number         0  loadbit.o ABSOLUTE
    ..\GUI\ZLG_GUI\menu.c                    0x00000000   Number         0  menu.o ABSOLUTE
    ..\GUI\ZLG_GUI\spline.c                  0x00000000   Number         0  spline.o ABSOLUTE
    ..\GUI\ZLG_GUI\windows.c                 0x00000000   Number         0  windows.o ABSOLUTE
    ..\GUI\lcddrive.c                        0x00000000   Number         0  lcddrive.o ABSOLUTE
    ..\\library\\cmsis\\core_cm3.c           0x00000000   Number         0  core_cm3.o ABSOLUTE
    ..\library\cmsis\core_cm3.c              0x00000000   Number         0  core_cm3.o ABSOLUTE
    ..\library\fwlib\src\misc.c              0x00000000   Number         0  misc.o ABSOLUTE
    ..\library\fwlib\src\stm32f10x_adc.c     0x00000000   Number         0  stm32f10x_adc.o ABSOLUTE
    ..\library\fwlib\src\stm32f10x_bkp.c     0x00000000   Number         0  stm32f10x_bkp.o ABSOLUTE
    ..\library\fwlib\src\stm32f10x_can.c     0x00000000   Number         0  stm32f10x_can.o ABSOLUTE
    ..\library\fwlib\src\stm32f10x_cec.c     0x00000000   Number         0  stm32f10x_cec.o ABSOLUTE
    ..\library\fwlib\src\stm32f10x_crc.c     0x00000000   Number         0  stm32f10x_crc.o ABSOLUTE
    ..\library\fwlib\src\stm32f10x_dac.c     0x00000000   Number         0  stm32f10x_dac.o ABSOLUTE
    ..\library\fwlib\src\stm32f10x_dbgmcu.c  0x00000000   Number         0  stm32f10x_dbgmcu.o ABSOLUTE
    ..\library\fwlib\src\stm32f10x_dma.c     0x00000000   Number         0  stm32f10x_dma.o ABSOLUTE
    ..\library\fwlib\src\stm32f10x_exti.c    0x00000000   Number         0  stm32f10x_exti.o ABSOLUTE
    ..\library\fwlib\src\stm32f10x_flash.c   0x00000000   Number         0  stm32f10x_flash.o ABSOLUTE
    ..\library\fwlib\src\stm32f10x_fsmc.c    0x00000000   Number         0  stm32f10x_fsmc.o ABSOLUTE
    ..\library\fwlib\src\stm32f10x_gpio.c    0x00000000   Number         0  stm32f10x_gpio.o ABSOLUTE
    ..\library\fwlib\src\stm32f10x_i2c.c     0x00000000   Number         0  stm32f10x_i2c.o ABSOLUTE
    ..\library\fwlib\src\stm32f10x_iwdg.c    0x00000000   Number         0  stm32f10x_iwdg.o ABSOLUTE
    ..\library\fwlib\src\stm32f10x_pwr.c     0x00000000   Number         0  stm32f10x_pwr.o ABSOLUTE
    ..\library\fwlib\src\stm32f10x_rcc.c     0x00000000   Number         0  stm32f10x_rcc.o ABSOLUTE
    ..\library\fwlib\src\stm32f10x_rtc.c     0x00000000   Number         0  stm32f10x_rtc.o ABSOLUTE
    ..\library\fwlib\src\stm32f10x_sdio.c    0x00000000   Number         0  stm32f10x_sdio.o ABSOLUTE
    ..\library\fwlib\src\stm32f10x_spi.c     0x00000000   Number         0  stm32f10x_spi.o ABSOLUTE
    ..\library\fwlib\src\stm32f10x_tim.c     0x00000000   Number         0  stm32f10x_tim.o ABSOLUTE
    ..\library\fwlib\src\stm32f10x_usart.c   0x00000000   Number         0  stm32f10x_usart.o ABSOLUTE
    ..\library\fwlib\src\stm32f10x_wwdg.c    0x00000000   Number         0  stm32f10x_wwdg.o ABSOLUTE
    ..\startup\startup_stm32f10x_hd.s        0x00000000   Number         0  startup_stm32f10x_hd.o ABSOLUTE
    ..\user\api\485.c                        0x00000000   Number         0  485.o ABSOLUTE
    ..\user\api\DHT11.c                      0x00000000   Number         0  dht11.o ABSOLUTE
    ..\user\api\IIC.c                        0x00000000   Number         0  iic.o ABSOLUTE
    ..\user\api\adc.c                        0x00000000   Number         0  adc.o ABSOLUTE
    ..\user\api\beep.c                       0x00000000   Number         0  beep.o ABSOLUTE
    ..\user\api\exti0.c                      0x00000000   Number         0  exti0.o ABSOLUTE
    ..\user\api\flash.c                      0x00000000   Number         0  flash.o ABSOLUTE
    ..\user\api\key.c                        0x00000000   Number         0  key.o ABSOLUTE
    ..\user\api\lcd.c                        0x00000000   Number         0  lcd.o ABSOLUTE
    ..\user\api\lcd2.c                       0x00000000   Number         0  lcd2.o ABSOLUTE
    ..\user\api\led.c                        0x00000000   Number         0  led.o ABSOLUTE
    ..\user\api\systick.c                    0x00000000   Number         0  systick.o ABSOLUTE
    ..\user\api\time3.c                      0x00000000   Number         0  time3.o ABSOLUTE
    ..\user\api\time4.c                      0x00000000   Number         0  time4.o ABSOLUTE
    ..\user\api\time6.c                      0x00000000   Number         0  time6.o ABSOLUTE
    ..\user\api\touch.c                      0x00000000   Number         0  touch.o ABSOLUTE
    ..\user\api\usart.c                      0x00000000   Number         0  usart.o ABSOLUTE
    ..\user\api\zi.c                         0x00000000   Number         0  zi.o ABSOLUTE
    ..\user\main.c                           0x00000000   Number         0  main.o ABSOLUTE
    ..\user\stm32f10x_it.c                   0x00000000   Number         0  stm32f10x_it.o ABSOLUTE
    ..\user\system_stm32f10x.c               0x00000000   Number         0  system_stm32f10x.o ABSOLUTE
    cdcmple.s                                0x00000000   Number         0  cdcmple.o ABSOLUTE
    cdrcmple.s                               0x00000000   Number         0  cdrcmple.o ABSOLUTE
    cfcmple.s                                0x00000000   Number         0  cfcmple.o ABSOLUTE
    dc.s                                     0x00000000   Number         0  dc.o ABSOLUTE
    handlers.s                               0x00000000   Number         0  handlers.o ABSOLUTE
    init.s                                   0x00000000   Number         0  init.o ABSOLUTE
    RESET                                    0x08000000   Section      304  startup_stm32f10x_hd.o(RESET)
    .ARM.Collect$$$$00000000                 0x08000130   Section        0  entry.o(.ARM.Collect$$$$00000000)
    .ARM.Collect$$$$00000001                 0x08000130   Section        4  entry2.o(.ARM.Collect$$$$00000001)
    .ARM.Collect$$$$00000004                 0x08000134   Section        4  entry5.o(.ARM.Collect$$$$00000004)
    .ARM.Collect$$$$00000008                 0x08000138   Section        0  entry7b.o(.ARM.Collect$$$$00000008)
    .ARM.Collect$$$$0000000A                 0x08000138   Section        0  entry8b.o(.ARM.Collect$$$$0000000A)
    .ARM.Collect$$$$0000000B                 0x08000138   Section        8  entry9a.o(.ARM.Collect$$$$0000000B)
    .ARM.Collect$$$$0000000D                 0x08000140   Section        0  entry10a.o(.ARM.Collect$$$$0000000D)
    .ARM.Collect$$$$0000000F                 0x08000140   Section        0  entry11a.o(.ARM.Collect$$$$0000000F)
    .ARM.Collect$$$$00002712                 0x08000140   Section        4  entry2.o(.ARM.Collect$$$$00002712)
    __lit__00000000                          0x08000140   Data           4  entry2.o(.ARM.Collect$$$$00002712)
    .text                                    0x08000144   Section       36  startup_stm32f10x_hd.o(.text)
    .text                                    0x08000168   Section        0  misc.o(.text)
    .text                                    0x08000244   Section        0  stm32f10x_exti.o(.text)
    .text                                    0x08000360   Section        0  stm32f10x_fsmc.o(.text)
    .text                                    0x0800096c   Section        0  stm32f10x_gpio.o(.text)
    .text                                    0x08000cc8   Section        0  stm32f10x_i2c.o(.text)
    .text                                    0x080010cc   Section        0  stm32f10x_rcc.o(.text)
    .text                                    0x08001470   Section        0  stm32f10x_spi.o(.text)
    .text                                    0x0800177c   Section        0  stm32f10x_tim.o(.text)
    TI4_Config                               0x08001c23   Thumb Code   130  stm32f10x_tim.o(.text)
    TI3_Config                               0x08001cb7   Thumb Code   122  stm32f10x_tim.o(.text)
    TI2_Config                               0x08001d4b   Thumb Code   130  stm32f10x_tim.o(.text)
    TI1_Config                               0x08001ddf   Thumb Code   108  stm32f10x_tim.o(.text)
    .text                                    0x08002598   Section        0  stm32f10x_usart.o(.text)
    .text                                    0x080029a0   Section        0  main.o(.text)
    .text                                    0x08002a10   Section        0  stm32f10x_it.o(.text)
    .text                                    0x08002a28   Section        0  system_stm32f10x.o(.text)
    SetSysClockTo72                          0x08002a29   Thumb Code   214  system_stm32f10x.o(.text)
    SetSysClock                              0x08002aff   Thumb Code     8  system_stm32f10x.o(.text)
    .text                                    0x08002c08   Section        0  led.o(.text)
    Delay                                    0x08002c09   Thumb Code    12  led.o(.text)
    .text                                    0x08002fb0   Section        0  key.o(.text)
    Delay                                    0x08002fb1   Thumb Code    12  key.o(.text)
    .text                                    0x0800342c   Section        0  usart.o(.text)
    .text                                    0x080039c0   Section        0  exti0.o(.text)
    .text                                    0x08003a4c   Section        0  systick.o(.text)
    .text                                    0x08003afc   Section        0  lcd.o(.text)
    Delay                                    0x08003afd   Thumb Code    30  lcd.o(.text)
    .text                                    0x08004604   Section        0  zi.o(.text)
    .text                                    0x08004630   Section        0  iic.o(.text)
    .text                                    0x08004a4c   Section        0  time6.o(.text)
    .text                                    0x08004e24   Section        0  touch.o(.text)
    Delay                                    0x08004e25   Thumb Code    30  touch.o(.text)
    .text                                    0x08005790   Section        0  flash.o(.text)
    .text                                    0x08005b94   Section        0  time3.o(.text)
    .text                                    0x08005da0   Section        0  485.o(.text)
    .text                                    0x0800600c   Section        0  rand.o(.text)
    .text                                    0x08006030   Section        0  memcpya.o(.text)
    .text                                    0x08006054   Section        0  strcmp.o(.text)
    .text                                    0x08006070   Section        0  fmul.o(.text)
    .text                                    0x080060d4   Section        0  fdiv.o(.text)
    .text                                    0x08006150   Section        0  dadd.o(.text)
    .text                                    0x0800629e   Section        0  dmul.o(.text)
    .text                                    0x08006382   Section        0  ddiv.o(.text)
    .text                                    0x08006460   Section        0  ffltui.o(.text)
    .text                                    0x0800646a   Section        0  f2d.o(.text)
    .text                                    0x08006490   Section       20  cfcmple.o(.text)
    .text                                    0x080064a4   Section        0  uidiv.o(.text)
    .text                                    0x080064d0   Section        0  uldiv.o(.text)
    .text                                    0x08006532   Section        0  llshl.o(.text)
    .text                                    0x08006550   Section        0  llushr.o(.text)
    .text                                    0x08006570   Section        0  llsshr.o(.text)
    .text                                    0x08006594   Section        0  iusefp.o(.text)
    .text                                    0x08006594   Section        0  fepilogue.o(.text)
    .text                                    0x08006602   Section        0  depilogue.o(.text)
    .text                                    0x080066b8   Section        0  dfixul.o(.text)
    .text                                    0x080066e8   Section       40  cdrcmple.o(.text)
    .text                                    0x08006710   Section       36  init.o(.text)
    .text                                    0x08006734   Section        0  __dclz77c.o(.text)
    i.__0printf                              0x08006794   Section        0  printfa.o(i.__0printf)
    i.__scatterload_copy                     0x080067b4   Section       14  handlers.o(i.__scatterload_copy)
    i.__scatterload_null                     0x080067c2   Section        2  handlers.o(i.__scatterload_null)
    i.__scatterload_zeroinit                 0x080067c4   Section       14  handlers.o(i.__scatterload_zeroinit)
    i._fp_digits                             0x080067d4   Section        0  printfa.o(i._fp_digits)
    _fp_digits                               0x080067d5   Thumb Code   334  printfa.o(i._fp_digits)
    i._printf_core                           0x08006938   Section        0  printfa.o(i._printf_core)
    _printf_core                             0x08006939   Thumb Code  1744  printfa.o(i._printf_core)
    i._printf_post_padding                   0x08007014   Section        0  printfa.o(i._printf_post_padding)
    _printf_post_padding                     0x08007015   Thumb Code    36  printfa.o(i._printf_post_padding)
    i._printf_pre_padding                    0x08007038   Section        0  printfa.o(i._printf_pre_padding)
    _printf_pre_padding                      0x08007039   Thumb Code    46  printfa.o(i._printf_pre_padding)
    .constdata                               0x08007068   Section       46  touch.o(.constdata)
    .data                                    0x20000000   Section       20  stm32f10x_rcc.o(.data)
    APBAHBPrescTable                         0x20000000   Data          16  stm32f10x_rcc.o(.data)
    ADCPrescTable                            0x20000010   Data           4  stm32f10x_rcc.o(.data)
    .data                                    0x20000014   Section       20  system_stm32f10x.o(.data)
    .data                                    0x20000028   Section       40  key.o(.data)
    flag                                     0x2000002c   Data           4  key.o(.data)
    state                                    0x20000030   Data           1  key.o(.data)
    flag1                                    0x20000034   Data           4  key.o(.data)
    state                                    0x20000038   Data           1  key.o(.data)
    state                                    0x20000039   Data           1  key.o(.data)
    flag2                                    0x2000003c   Data           4  key.o(.data)
    state                                    0x20000040   Data           1  key.o(.data)
    flag3                                    0x20000044   Data           4  key.o(.data)
    state                                    0x20000048   Data           1  key.o(.data)
    flag4                                    0x2000004c   Data           4  key.o(.data)
    .data                                    0x20000050   Section       16  usart.o(.data)
    i                                        0x20000050   Data           1  usart.o(.data)
    i                                        0x20000058   Data           4  usart.o(.data)
    i                                        0x2000005c   Data           4  usart.o(.data)
    .data                                    0x20000060   Section        4  systick.o(.data)
    .data                                    0x20000064   Section        4  lcd.o(.data)
    .data                                    0x20000068   Section     1957  zi.o(.data)
    .data                                    0x20000810   Section      180  time6.o(.data)
    TIME_flag                                0x200008c0   Data           4  time6.o(.data)
    .data                                    0x200008c4   Section       37  touch.o(.data)
    lcd_xy                                   0x200008e0   Data           8  touch.o(.data)
    tp_state                                 0x200008e8   Data           1  touch.o(.data)
    .data                                    0x200008ec   Section       20  time3.o(.data)
    .data                                    0x20000900   Section        4  rand.o(.data)
    _rand_state                              0x20000900   Data           4  rand.o(.data)
    .data                                    0x20000904   Section        4  stdout.o(.data)
    .bss                                     0x20000908   Section       62  lcd.o(.bss)
    s                                        0x20000932   Data          20  lcd.o(.bss)
    .bss                                     0x20000948   Section       28  touch.o(.bss)
    .bss                                     0x20000964   Section       84  485.o(.bss)
    STACK                                    0x200009b8   Section     1024  startup_stm32f10x_hd.o(STACK)

    Global Symbols

    Symbol Name                              Value     Ov Type        Size  Object(Section)

    BuildAttributes$$THM_ISAv4$P$D$K$B$S$PE$A:L22UL41UL21$X:L11$S22US41US21$IEEE1$IW$USESV6$~STKCKD$USESV7$~SHL$OTIME$ROPI$IEEEJ$EBA8$MICROLIB$REQ8$PRES8$EABIv2 0x00000000   Number         0  anon$$obj.o ABSOLUTE
    __ARM_use_no_argv                        0x00000000   Number         0  main.o ABSOLUTE
    _printf_a                                0x00000000   Number         0  stubs.o ABSOLUTE
    _printf_c                                0x00000000   Number         0  stubs.o ABSOLUTE
    _printf_charcount                        0x00000000   Number         0  stubs.o ABSOLUTE
    _printf_d                                0x00000000   Number         0  stubs.o ABSOLUTE
    _printf_e                                0x00000000   Number         0  stubs.o ABSOLUTE
    _printf_f                                0x00000000   Number         0  stubs.o ABSOLUTE
    _printf_flags                            0x00000000   Number         0  stubs.o ABSOLUTE
    _printf_fp_dec                           0x00000000   Number         0  stubs.o ABSOLUTE
    _printf_fp_hex                           0x00000000   Number         0  stubs.o ABSOLUTE
    _printf_g                                0x00000000   Number         0  stubs.o ABSOLUTE
    _printf_i                                0x00000000   Number         0  stubs.o ABSOLUTE
    _printf_int_dec                          0x00000000   Number         0  stubs.o ABSOLUTE
    _printf_l                                0x00000000   Number         0  stubs.o ABSOLUTE
    _printf_lc                               0x00000000   Number         0  stubs.o ABSOLUTE
    _printf_ll                               0x00000000   Number         0  stubs.o ABSOLUTE
    _printf_lld                              0x00000000   Number         0  stubs.o ABSOLUTE
    _printf_lli                              0x00000000   Number         0  stubs.o ABSOLUTE
    _printf_llo                              0x00000000   Number         0  stubs.o ABSOLUTE
    _printf_llu                              0x00000000   Number         0  stubs.o ABSOLUTE
    _printf_llx                              0x00000000   Number         0  stubs.o ABSOLUTE
    _printf_longlong_dec                     0x00000000   Number         0  stubs.o ABSOLUTE
    _printf_longlong_hex                     0x00000000   Number         0  stubs.o ABSOLUTE
    _printf_longlong_oct                     0x00000000   Number         0  stubs.o ABSOLUTE
    _printf_ls                               0x00000000   Number         0  stubs.o ABSOLUTE
    _printf_mbtowc                           0x00000000   Number         0  stubs.o ABSOLUTE
    _printf_n                                0x00000000   Number         0  stubs.o ABSOLUTE
    _printf_o                                0x00000000   Number         0  stubs.o ABSOLUTE
    _printf_p                                0x00000000   Number         0  stubs.o ABSOLUTE
    _printf_percent                          0x00000000   Number         0  stubs.o ABSOLUTE
    _printf_pre_padding                      0x00000000   Number         0  stubs.o ABSOLUTE
    _printf_return_value                     0x00000000   Number         0  stubs.o ABSOLUTE
    _printf_s                                0x00000000   Number         0  stubs.o ABSOLUTE
    _printf_sizespec                         0x00000000   Number         0  stubs.o ABSOLUTE
    _printf_str                              0x00000000   Number         0  stubs.o ABSOLUTE
    _printf_truncate_signed                  0x00000000   Number         0  stubs.o ABSOLUTE
    _printf_truncate_unsigned                0x00000000   Number         0  stubs.o ABSOLUTE
    _printf_u                                0x00000000   Number         0  stubs.o ABSOLUTE
    _printf_wc                               0x00000000   Number         0  stubs.o ABSOLUTE
    _printf_wctomb                           0x00000000   Number         0  stubs.o ABSOLUTE
    _printf_widthprec                        0x00000000   Number         0  stubs.o ABSOLUTE
    _printf_x                                0x00000000   Number         0  stubs.o ABSOLUTE
    __cpp_initialize__aeabi_                  - Undefined Weak Reference
    __cxa_finalize                            - Undefined Weak Reference
    _clock_init                               - Undefined Weak Reference
    _microlib_exit                            - Undefined Weak Reference
    __Vectors_Size                           0x00000130   Number         0  startup_stm32f10x_hd.o ABSOLUTE
    __Vectors                                0x08000000   Data           4  startup_stm32f10x_hd.o(RESET)
    __Vectors_End                            0x08000130   Data           0  startup_stm32f10x_hd.o(RESET)
    __main                                   0x08000131   Thumb Code     0  entry.o(.ARM.Collect$$$$00000000)
    _main_stk                                0x08000131   Thumb Code     0  entry2.o(.ARM.Collect$$$$00000001)
    _main_scatterload                        0x08000135   Thumb Code     0  entry5.o(.ARM.Collect$$$$00000004)
    __main_after_scatterload                 0x08000139   Thumb Code     0  entry5.o(.ARM.Collect$$$$00000004)
    _main_clock                              0x08000139   Thumb Code     0  entry7b.o(.ARM.Collect$$$$00000008)
    _main_cpp_init                           0x08000139   Thumb Code     0  entry8b.o(.ARM.Collect$$$$0000000A)
    _main_init                               0x08000139   Thumb Code     0  entry9a.o(.ARM.Collect$$$$0000000B)
    __rt_final_cpp                           0x08000141   Thumb Code     0  entry10a.o(.ARM.Collect$$$$0000000D)
    __rt_final_exit                          0x08000141   Thumb Code     0  entry11a.o(.ARM.Collect$$$$0000000F)
    Reset_Handler                            0x08000145   Thumb Code     8  startup_stm32f10x_hd.o(.text)
    ADC1_2_IRQHandler                        0x0800015f   Thumb Code     0  startup_stm32f10x_hd.o(.text)
    ADC3_IRQHandler                          0x0800015f   Thumb Code     0  startup_stm32f10x_hd.o(.text)
    CAN1_RX1_IRQHandler                      0x0800015f   Thumb Code     0  startup_stm32f10x_hd.o(.text)
    CAN1_SCE_IRQHandler                      0x0800015f   Thumb Code     0  startup_stm32f10x_hd.o(.text)
    DMA1_Channel1_IRQHandler                 0x0800015f   Thumb Code     0  startup_stm32f10x_hd.o(.text)
    DMA1_Channel2_IRQHandler                 0x0800015f   Thumb Code     0  startup_stm32f10x_hd.o(.text)
    DMA1_Channel3_IRQHandler                 0x0800015f   Thumb Code     0  startup_stm32f10x_hd.o(.text)
    DMA1_Channel4_IRQHandler                 0x0800015f   Thumb Code     0  startup_stm32f10x_hd.o(.text)
    DMA1_Channel5_IRQHandler                 0x0800015f   Thumb Code     0  startup_stm32f10x_hd.o(.text)
    DMA1_Channel6_IRQHandler                 0x0800015f   Thumb Code     0  startup_stm32f10x_hd.o(.text)
    DMA1_Channel7_IRQHandler                 0x0800015f   Thumb Code     0  startup_stm32f10x_hd.o(.text)
    DMA2_Channel1_IRQHandler                 0x0800015f   Thumb Code     0  startup_stm32f10x_hd.o(.text)
    DMA2_Channel2_IRQHandler                 0x0800015f   Thumb Code     0  startup_stm32f10x_hd.o(.text)
    DMA2_Channel3_IRQHandler                 0x0800015f   Thumb Code     0  startup_stm32f10x_hd.o(.text)
    DMA2_Channel4_5_IRQHandler               0x0800015f   Thumb Code     0  startup_stm32f10x_hd.o(.text)
    EXTI15_10_IRQHandler                     0x0800015f   Thumb Code     0  startup_stm32f10x_hd.o(.text)
    EXTI1_IRQHandler                         0x0800015f   Thumb Code     0  startup_stm32f10x_hd.o(.text)
    EXTI2_IRQHandler                         0x0800015f   Thumb Code     0  startup_stm32f10x_hd.o(.text)
    EXTI3_IRQHandler                         0x0800015f   Thumb Code     0  startup_stm32f10x_hd.o(.text)
    EXTI4_IRQHandler                         0x0800015f   Thumb Code     0  startup_stm32f10x_hd.o(.text)
    EXTI9_5_IRQHandler                       0x0800015f   Thumb Code     0  startup_stm32f10x_hd.o(.text)
    FLASH_IRQHandler                         0x0800015f   Thumb Code     0  startup_stm32f10x_hd.o(.text)
    FSMC_IRQHandler                          0x0800015f   Thumb Code     0  startup_stm32f10x_hd.o(.text)
    I2C1_ER_IRQHandler                       0x0800015f   Thumb Code     0  startup_stm32f10x_hd.o(.text)
    I2C1_EV_IRQHandler                       0x0800015f   Thumb Code     0  startup_stm32f10x_hd.o(.text)
    I2C2_ER_IRQHandler                       0x0800015f   Thumb Code     0  startup_stm32f10x_hd.o(.text)
    I2C2_EV_IRQHandler                       0x0800015f   Thumb Code     0  startup_stm32f10x_hd.o(.text)
    PVD_IRQHandler                           0x0800015f   Thumb Code     0  startup_stm32f10x_hd.o(.text)
    RCC_IRQHandler                           0x0800015f   Thumb Code     0  startup_stm32f10x_hd.o(.text)
    RTCAlarm_IRQHandler                      0x0800015f   Thumb Code     0  startup_stm32f10x_hd.o(.text)
    RTC_IRQHandler                           0x0800015f   Thumb Code     0  startup_stm32f10x_hd.o(.text)
    SDIO_IRQHandler                          0x0800015f   Thumb Code     0  startup_stm32f10x_hd.o(.text)
    SPI1_IRQHandler                          0x0800015f   Thumb Code     0  startup_stm32f10x_hd.o(.text)
    SPI2_IRQHandler                          0x0800015f   Thumb Code     0  startup_stm32f10x_hd.o(.text)
    SPI3_IRQHandler                          0x0800015f   Thumb Code     0  startup_stm32f10x_hd.o(.text)
    TAMPER_IRQHandler                        0x0800015f   Thumb Code     0  startup_stm32f10x_hd.o(.text)
    TIM1_BRK_IRQHandler                      0x0800015f   Thumb Code     0  startup_stm32f10x_hd.o(.text)
    TIM1_CC_IRQHandler                       0x0800015f   Thumb Code     0  startup_stm32f10x_hd.o(.text)
    TIM1_TRG_COM_IRQHandler                  0x0800015f   Thumb Code     0  startup_stm32f10x_hd.o(.text)
    TIM1_UP_IRQHandler                       0x0800015f   Thumb Code     0  startup_stm32f10x_hd.o(.text)
    TIM2_IRQHandler                          0x0800015f   Thumb Code     0  startup_stm32f10x_hd.o(.text)
    TIM4_IRQHandler                          0x0800015f   Thumb Code     0  startup_stm32f10x_hd.o(.text)
    TIM5_IRQHandler                          0x0800015f   Thumb Code     0  startup_stm32f10x_hd.o(.text)
    TIM7_IRQHandler                          0x0800015f   Thumb Code     0  startup_stm32f10x_hd.o(.text)
    TIM8_BRK_IRQHandler                      0x0800015f   Thumb Code     0  startup_stm32f10x_hd.o(.text)
    TIM8_CC_IRQHandler                       0x0800015f   Thumb Code     0  startup_stm32f10x_hd.o(.text)
    TIM8_TRG_COM_IRQHandler                  0x0800015f   Thumb Code     0  startup_stm32f10x_hd.o(.text)
    TIM8_UP_IRQHandler                       0x0800015f   Thumb Code     0  startup_stm32f10x_hd.o(.text)
    UART4_IRQHandler                         0x0800015f   Thumb Code     0  startup_stm32f10x_hd.o(.text)
    UART5_IRQHandler                         0x0800015f   Thumb Code     0  startup_stm32f10x_hd.o(.text)
    USART3_IRQHandler                        0x0800015f   Thumb Code     0  startup_stm32f10x_hd.o(.text)
    USBWakeUp_IRQHandler                     0x0800015f   Thumb Code     0  startup_stm32f10x_hd.o(.text)
    USB_HP_CAN1_TX_IRQHandler                0x0800015f   Thumb Code     0  startup_stm32f10x_hd.o(.text)
    USB_LP_CAN1_RX0_IRQHandler               0x0800015f   Thumb Code     0  startup_stm32f10x_hd.o(.text)
    WWDG_IRQHandler                          0x0800015f   Thumb Code     0  startup_stm32f10x_hd.o(.text)
    NVIC_PriorityGroupConfig                 0x08000169   Thumb Code    10  misc.o(.text)
    NVIC_Init                                0x08000173   Thumb Code   100  misc.o(.text)
    NVIC_SetVectorTable                      0x080001d7   Thumb Code    14  misc.o(.text)
    NVIC_SystemLPConfig                      0x080001e5   Thumb Code    34  misc.o(.text)
    SysTick_CLKSourceConfig                  0x08000207   Thumb Code    40  misc.o(.text)
    EXTI_DeInit                              0x08000245   Thumb Code    28  stm32f10x_exti.o(.text)
    EXTI_Init                                0x08000261   Thumb Code   142  stm32f10x_exti.o(.text)
    EXTI_StructInit                          0x080002ef   Thumb Code    16  stm32f10x_exti.o(.text)
    EXTI_GenerateSWInterrupt                 0x080002ff   Thumb Code    16  stm32f10x_exti.o(.text)
    EXTI_GetFlagStatus                       0x0800030f   Thumb Code    22  stm32f10x_exti.o(.text)
    EXTI_ClearFlag                           0x08000325   Thumb Code     8  stm32f10x_exti.o(.text)
    EXTI_GetITStatus                         0x0800032d   Thumb Code    34  stm32f10x_exti.o(.text)
    EXTI_ClearITPendingBit                   0x0800034f   Thumb Code     8  stm32f10x_exti.o(.text)
    FSMC_NORSRAMDeInit                       0x08000361   Thumb Code    54  stm32f10x_fsmc.o(.text)
    FSMC_NANDDeInit                          0x08000397   Thumb Code    62  stm32f10x_fsmc.o(.text)
    FSMC_PCCARDDeInit                        0x080003d5   Thumb Code    36  stm32f10x_fsmc.o(.text)
    FSMC_NORSRAMInit                         0x080003f9   Thumb Code   230  stm32f10x_fsmc.o(.text)
    FSMC_NANDInit                            0x080004df   Thumb Code   132  stm32f10x_fsmc.o(.text)
    FSMC_PCCARDInit                          0x08000563   Thumb Code   130  stm32f10x_fsmc.o(.text)
    FSMC_NORSRAMStructInit                   0x080005e5   Thumb Code   114  stm32f10x_fsmc.o(.text)
    FSMC_NANDStructInit                      0x08000657   Thumb Code    54  stm32f10x_fsmc.o(.text)
    FSMC_PCCARDStructInit                    0x0800068d   Thumb Code    60  stm32f10x_fsmc.o(.text)
    FSMC_NORSRAMCmd                          0x080006c9   Thumb Code    46  stm32f10x_fsmc.o(.text)
    FSMC_NANDCmd                             0x080006f7   Thumb Code    86  stm32f10x_fsmc.o(.text)
    FSMC_PCCARDCmd                           0x0800074d   Thumb Code    44  stm32f10x_fsmc.o(.text)
    FSMC_NANDECCCmd                          0x08000779   Thumb Code    90  stm32f10x_fsmc.o(.text)
    FSMC_GetECC                              0x080007d3   Thumb Code    24  stm32f10x_fsmc.o(.text)
    FSMC_ITConfig                            0x080007eb   Thumb Code   128  stm32f10x_fsmc.o(.text)
    FSMC_GetFlagStatus                       0x0800086b   Thumb Code    54  stm32f10x_fsmc.o(.text)
    FSMC_ClearFlag                           0x080008a1   Thumb Code    62  stm32f10x_fsmc.o(.text)
    FSMC_GetITStatus                         0x080008df   Thumb Code    64  stm32f10x_fsmc.o(.text)
    FSMC_ClearITPendingBit                   0x0800091f   Thumb Code    68  stm32f10x_fsmc.o(.text)
    GPIO_DeInit                              0x0800096d   Thumb Code   172  stm32f10x_gpio.o(.text)
    GPIO_AFIODeInit                          0x08000a19   Thumb Code    20  stm32f10x_gpio.o(.text)
    GPIO_Init                                0x08000a2d   Thumb Code   278  stm32f10x_gpio.o(.text)
    GPIO_StructInit                          0x08000b43   Thumb Code    16  stm32f10x_gpio.o(.text)
    GPIO_ReadInputDataBit                    0x08000b53   Thumb Code    18  stm32f10x_gpio.o(.text)
    GPIO_ReadInputData                       0x08000b65   Thumb Code     8  stm32f10x_gpio.o(.text)
    GPIO_ReadOutputDataBit                   0x08000b6d   Thumb Code    18  stm32f10x_gpio.o(.text)
    GPIO_ReadOutputData                      0x08000b7f   Thumb Code     8  stm32f10x_gpio.o(.text)
    GPIO_SetBits                             0x08000b87   Thumb Code     4  stm32f10x_gpio.o(.text)
    GPIO_ResetBits                           0x08000b8b   Thumb Code     4  stm32f10x_gpio.o(.text)
    GPIO_WriteBit                            0x08000b8f   Thumb Code    10  stm32f10x_gpio.o(.text)
    GPIO_Write                               0x08000b99   Thumb Code     4  stm32f10x_gpio.o(.text)
    GPIO_PinLockConfig                       0x08000b9d   Thumb Code    18  stm32f10x_gpio.o(.text)
    GPIO_EventOutputConfig                   0x08000baf   Thumb Code    26  stm32f10x_gpio.o(.text)
    GPIO_EventOutputCmd                      0x08000bc9   Thumb Code     6  stm32f10x_gpio.o(.text)
    GPIO_PinRemapConfig                      0x08000bcf   Thumb Code   138  stm32f10x_gpio.o(.text)
    GPIO_EXTILineConfig                      0x08000c59   Thumb Code    66  stm32f10x_gpio.o(.text)
    GPIO_ETH_MediaInterfaceConfig            0x08000c9b   Thumb Code     8  stm32f10x_gpio.o(.text)
    I2C_DeInit                               0x08000cc9   Thumb Code    50  stm32f10x_i2c.o(.text)
    I2C_Init                                 0x08000cfb   Thumb Code   222  stm32f10x_i2c.o(.text)
    I2C_StructInit                           0x08000dd9   Thumb Code    30  stm32f10x_i2c.o(.text)
    I2C_Cmd                                  0x08000df7   Thumb Code    24  stm32f10x_i2c.o(.text)
    I2C_DMACmd                               0x08000e0f   Thumb Code    24  stm32f10x_i2c.o(.text)
    I2C_DMALastTransferCmd                   0x08000e27   Thumb Code    24  stm32f10x_i2c.o(.text)
    I2C_GenerateSTART                        0x08000e3f   Thumb Code    24  stm32f10x_i2c.o(.text)
    I2C_GenerateSTOP                         0x08000e57   Thumb Code    24  stm32f10x_i2c.o(.text)
    I2C_AcknowledgeConfig                    0x08000e6f   Thumb Code    24  stm32f10x_i2c.o(.text)
    I2C_OwnAddress2Config                    0x08000e87   Thumb Code    22  stm32f10x_i2c.o(.text)
    I2C_DualAddressCmd                       0x08000e9d   Thumb Code    24  stm32f10x_i2c.o(.text)
    I2C_GeneralCallCmd                       0x08000eb5   Thumb Code    24  stm32f10x_i2c.o(.text)
    I2C_ITConfig                             0x08000ecd   Thumb Code    18  stm32f10x_i2c.o(.text)
    I2C_SendData                             0x08000edf   Thumb Code     4  stm32f10x_i2c.o(.text)
    I2C_ReceiveData                          0x08000ee3   Thumb Code     8  stm32f10x_i2c.o(.text)
    I2C_Send7bitAddress                      0x08000eeb   Thumb Code    18  stm32f10x_i2c.o(.text)
    I2C_ReadRegister                         0x08000efd   Thumb Code    22  stm32f10x_i2c.o(.text)
    I2C_SoftwareResetCmd                     0x08000f13   Thumb Code    22  stm32f10x_i2c.o(.text)
    I2C_NACKPositionConfig                   0x08000f29   Thumb Code    28  stm32f10x_i2c.o(.text)
    I2C_SMBusAlertConfig                     0x08000f45   Thumb Code    28  stm32f10x_i2c.o(.text)
    I2C_TransmitPEC                          0x08000f61   Thumb Code    24  stm32f10x_i2c.o(.text)
    I2C_PECPositionConfig                    0x08000f79   Thumb Code    28  stm32f10x_i2c.o(.text)
    I2C_CalculatePEC                         0x08000f95   Thumb Code    24  stm32f10x_i2c.o(.text)
    I2C_GetPEC                               0x08000fad   Thumb Code     8  stm32f10x_i2c.o(.text)
    I2C_ARPCmd                               0x08000fb5   Thumb Code    24  stm32f10x_i2c.o(.text)
    I2C_StretchClockCmd                      0x08000fcd   Thumb Code    24  stm32f10x_i2c.o(.text)
    I2C_FastModeDutyCycleConfig              0x08000fe5   Thumb Code    28  stm32f10x_i2c.o(.text)
    I2C_CheckEvent                           0x08001001   Thumb Code    42  stm32f10x_i2c.o(.text)
    I2C_GetLastEvent                         0x0800102b   Thumb Code    26  stm32f10x_i2c.o(.text)
    I2C_GetFlagStatus                        0x08001045   Thumb Code    58  stm32f10x_i2c.o(.text)
    I2C_ClearFlag                            0x0800107f   Thumb Code    12  stm32f10x_i2c.o(.text)
    I2C_GetITStatus                          0x0800108b   Thumb Code    54  stm32f10x_i2c.o(.text)
    I2C_ClearITPendingBit                    0x080010c1   Thumb Code    12  stm32f10x_i2c.o(.text)
    RCC_DeInit                               0x080010cd   Thumb Code    64  stm32f10x_rcc.o(.text)
    RCC_HSEConfig                            0x0800110d   Thumb Code    70  stm32f10x_rcc.o(.text)
    RCC_GetFlagStatus                        0x08001153   Thumb Code    56  stm32f10x_rcc.o(.text)
    RCC_WaitForHSEStartUp                    0x0800118b   Thumb Code    56  stm32f10x_rcc.o(.text)
    RCC_AdjustHSICalibrationValue            0x080011c3   Thumb Code    20  stm32f10x_rcc.o(.text)
    RCC_HSICmd                               0x080011d7   Thumb Code     6  stm32f10x_rcc.o(.text)
    RCC_PLLConfig                            0x080011dd   Thumb Code    24  stm32f10x_rcc.o(.text)
    RCC_PLLCmd                               0x080011f5   Thumb Code     6  stm32f10x_rcc.o(.text)
    RCC_SYSCLKConfig                         0x080011fb   Thumb Code    18  stm32f10x_rcc.o(.text)
    RCC_GetSYSCLKSource                      0x0800120d   Thumb Code    10  stm32f10x_rcc.o(.text)
    RCC_HCLKConfig                           0x08001217   Thumb Code    18  stm32f10x_rcc.o(.text)
    RCC_PCLK1Config                          0x08001229   Thumb Code    18  stm32f10x_rcc.o(.text)
    RCC_PCLK2Config                          0x0800123b   Thumb Code    20  stm32f10x_rcc.o(.text)
    RCC_ITConfig                             0x0800124f   Thumb Code    26  stm32f10x_rcc.o(.text)
    RCC_USBCLKConfig                         0x08001269   Thumb Code     8  stm32f10x_rcc.o(.text)
    RCC_ADCCLKConfig                         0x08001271   Thumb Code    18  stm32f10x_rcc.o(.text)
    RCC_LSEConfig                            0x08001283   Thumb Code    50  stm32f10x_rcc.o(.text)
    RCC_LSICmd                               0x080012b5   Thumb Code     6  stm32f10x_rcc.o(.text)
    RCC_RTCCLKConfig                         0x080012bb   Thumb Code    12  stm32f10x_rcc.o(.text)
    RCC_RTCCLKCmd                            0x080012c7   Thumb Code     8  stm32f10x_rcc.o(.text)
    RCC_GetClocksFreq                        0x080012cf   Thumb Code   192  stm32f10x_rcc.o(.text)
    RCC_AHBPeriphClockCmd                    0x0800138f   Thumb Code    26  stm32f10x_rcc.o(.text)
    RCC_APB2PeriphClockCmd                   0x080013a9   Thumb Code    26  stm32f10x_rcc.o(.text)
    RCC_APB1PeriphClockCmd                   0x080013c3   Thumb Code    26  stm32f10x_rcc.o(.text)
    RCC_APB2PeriphResetCmd                   0x080013dd   Thumb Code    26  stm32f10x_rcc.o(.text)
    RCC_APB1PeriphResetCmd                   0x080013f7   Thumb Code    26  stm32f10x_rcc.o(.text)
    RCC_BackupResetCmd                       0x08001411   Thumb Code     8  stm32f10x_rcc.o(.text)
    RCC_ClockSecuritySystemCmd               0x08001419   Thumb Code     6  stm32f10x_rcc.o(.text)
    RCC_MCOConfig                            0x0800141f   Thumb Code     6  stm32f10x_rcc.o(.text)
    RCC_ClearFlag                            0x08001425   Thumb Code    14  stm32f10x_rcc.o(.text)
    RCC_GetITStatus                          0x08001433   Thumb Code    20  stm32f10x_rcc.o(.text)
    RCC_ClearITPendingBit                    0x08001447   Thumb Code     6  stm32f10x_rcc.o(.text)
    SPI_I2S_DeInit                           0x08001471   Thumb Code    76  stm32f10x_spi.o(.text)
    SPI_Init                                 0x080014bd   Thumb Code    60  stm32f10x_spi.o(.text)
    I2S_Init                                 0x080014f9   Thumb Code   226  stm32f10x_spi.o(.text)
    SPI_StructInit                           0x080015db   Thumb Code    24  stm32f10x_spi.o(.text)
    I2S_StructInit                           0x080015f3   Thumb Code    20  stm32f10x_spi.o(.text)
    SPI_Cmd                                  0x08001607   Thumb Code    24  stm32f10x_spi.o(.text)
    I2S_Cmd                                  0x0800161f   Thumb Code    24  stm32f10x_spi.o(.text)
    SPI_I2S_ITConfig                         0x08001637   Thumb Code    32  stm32f10x_spi.o(.text)
    SPI_I2S_DMACmd                           0x08001657   Thumb Code    18  stm32f10x_spi.o(.text)
    SPI_I2S_SendData                         0x08001669   Thumb Code     4  stm32f10x_spi.o(.text)
    SPI_I2S_ReceiveData                      0x0800166d   Thumb Code     6  stm32f10x_spi.o(.text)
    SPI_NSSInternalSoftwareConfig            0x08001673   Thumb Code    30  stm32f10x_spi.o(.text)
    SPI_SSOutputCmd                          0x08001691   Thumb Code    24  stm32f10x_spi.o(.text)
    SPI_DataSizeConfig                       0x080016a9   Thumb Code    18  stm32f10x_spi.o(.text)
    SPI_TransmitCRC                          0x080016bb   Thumb Code    10  stm32f10x_spi.o(.text)
    SPI_CalculateCRC                         0x080016c5   Thumb Code    24  stm32f10x_spi.o(.text)
    SPI_GetCRC                               0x080016dd   Thumb Code    16  stm32f10x_spi.o(.text)
    SPI_GetCRCPolynomial                     0x080016ed   Thumb Code     6  stm32f10x_spi.o(.text)
    SPI_BiDirectionalLineConfig              0x080016f3   Thumb Code    28  stm32f10x_spi.o(.text)
    SPI_I2S_GetFlagStatus                    0x0800170f   Thumb Code    18  stm32f10x_spi.o(.text)
    SPI_I2S_ClearFlag                        0x08001721   Thumb Code     6  stm32f10x_spi.o(.text)
    SPI_I2S_GetITStatus                      0x08001727   Thumb Code    52  stm32f10x_spi.o(.text)
    SPI_I2S_ClearITPendingBit                0x0800175b   Thumb Code    20  stm32f10x_spi.o(.text)
    TIM_DeInit                               0x0800177d   Thumb Code   424  stm32f10x_tim.o(.text)
    TIM_TimeBaseInit                         0x08001925   Thumb Code   122  stm32f10x_tim.o(.text)
    TIM_OC1Init                              0x0800199f   Thumb Code   132  stm32f10x_tim.o(.text)
    TIM_OC2Init                              0x08001a23   Thumb Code   154  stm32f10x_tim.o(.text)
    TIM_OC3Init                              0x08001abd   Thumb Code   150  stm32f10x_tim.o(.text)
    TIM_OC4Init                              0x08001b53   Thumb Code   182  stm32f10x_tim.o(.text)
    TIM_SetIC4Prescaler                      0x08001c09   Thumb Code    26  stm32f10x_tim.o(.text)
    TIM_SetIC3Prescaler                      0x08001ca5   Thumb Code    18  stm32f10x_tim.o(.text)
    TIM_SetIC2Prescaler                      0x08001d31   Thumb Code    26  stm32f10x_tim.o(.text)
    TIM_SetIC1Prescaler                      0x08001dcd   Thumb Code    18  stm32f10x_tim.o(.text)
    TIM_ICInit                               0x08001e4b   Thumb Code   150  stm32f10x_tim.o(.text)
    TIM_PWMIConfig                           0x08001ee1   Thumb Code   124  stm32f10x_tim.o(.text)
    TIM_BDTRConfig                           0x08001f5d   Thumb Code    32  stm32f10x_tim.o(.text)
    TIM_TimeBaseStructInit                   0x08001f7d   Thumb Code    18  stm32f10x_tim.o(.text)
    TIM_OCStructInit                         0x08001f8f   Thumb Code    20  stm32f10x_tim.o(.text)
    TIM_ICStructInit                         0x08001fa3   Thumb Code    18  stm32f10x_tim.o(.text)
    TIM_BDTRStructInit                       0x08001fb5   Thumb Code    40  stm32f10x_tim.o(.text)
    TIM_Cmd                                  0x08001fdd   Thumb Code    24  stm32f10x_tim.o(.text)
    TIM_CtrlPWMOutputs                       0x08001ff5   Thumb Code    30  stm32f10x_tim.o(.text)
    TIM_ITConfig                             0x08002013   Thumb Code    18  stm32f10x_tim.o(.text)
    TIM_GenerateEvent                        0x08002025   Thumb Code     4  stm32f10x_tim.o(.text)
    TIM_DMAConfig                            0x08002029   Thumb Code    10  stm32f10x_tim.o(.text)
    TIM_DMACmd                               0x08002033   Thumb Code    18  stm32f10x_tim.o(.text)
    TIM_InternalClockConfig                  0x08002045   Thumb Code    12  stm32f10x_tim.o(.text)
    TIM_SelectInputTrigger                   0x08002051   Thumb Code    18  stm32f10x_tim.o(.text)
    TIM_ITRxExternalClockConfig              0x08002063   Thumb Code    24  stm32f10x_tim.o(.text)
    TIM_TIxExternalClockConfig               0x0800207b   Thumb Code    62  stm32f10x_tim.o(.text)
    TIM_ETRConfig                            0x080020b9   Thumb Code    28  stm32f10x_tim.o(.text)
    TIM_ETRClockMode1Config                  0x080020d5   Thumb Code    54  stm32f10x_tim.o(.text)
    TIM_ETRClockMode2Config                  0x0800210b   Thumb Code    32  stm32f10x_tim.o(.text)
    TIM_PrescalerConfig                      0x0800212b   Thumb Code     6  stm32f10x_tim.o(.text)
    TIM_CounterModeConfig                    0x08002131   Thumb Code    18  stm32f10x_tim.o(.text)
    TIM_EncoderInterfaceConfig               0x08002143   Thumb Code    66  stm32f10x_tim.o(.text)
    TIM_ForcedOC1Config                      0x08002185   Thumb Code    18  stm32f10x_tim.o(.text)
    TIM_ForcedOC2Config                      0x08002197   Thumb Code    26  stm32f10x_tim.o(.text)
    TIM_ForcedOC3Config                      0x080021b1   Thumb Code    18  stm32f10x_tim.o(.text)
    TIM_ForcedOC4Config                      0x080021c3   Thumb Code    26  stm32f10x_tim.o(.text)
    TIM_ARRPreloadConfig                     0x080021dd   Thumb Code    24  stm32f10x_tim.o(.text)
    TIM_SelectCOM                            0x080021f5   Thumb Code    24  stm32f10x_tim.o(.text)
    TIM_SelectCCDMA                          0x0800220d   Thumb Code    24  stm32f10x_tim.o(.text)
    TIM_CCPreloadControl                     0x08002225   Thumb Code    24  stm32f10x_tim.o(.text)
    TIM_OC1PreloadConfig                     0x0800223d   Thumb Code    18  stm32f10x_tim.o(.text)
    TIM_OC2PreloadConfig                     0x0800224f   Thumb Code    26  stm32f10x_tim.o(.text)
    TIM_OC3PreloadConfig                     0x08002269   Thumb Code    18  stm32f10x_tim.o(.text)
    TIM_OC4PreloadConfig                     0x0800227b   Thumb Code    26  stm32f10x_tim.o(.text)
    TIM_OC1FastConfig                        0x08002295   Thumb Code    18  stm32f10x_tim.o(.text)
    TIM_OC2FastConfig                        0x080022a7   Thumb Code    26  stm32f10x_tim.o(.text)
    TIM_OC3FastConfig                        0x080022c1   Thumb Code    18  stm32f10x_tim.o(.text)
    TIM_OC4FastConfig                        0x080022d3   Thumb Code    26  stm32f10x_tim.o(.text)
    TIM_ClearOC1Ref                          0x080022ed   Thumb Code    18  stm32f10x_tim.o(.text)
    TIM_ClearOC2Ref                          0x080022ff   Thumb Code    24  stm32f10x_tim.o(.text)
    TIM_ClearOC3Ref                          0x08002317   Thumb Code    18  stm32f10x_tim.o(.text)
    TIM_ClearOC4Ref                          0x08002329   Thumb Code    24  stm32f10x_tim.o(.text)
    TIM_OC1PolarityConfig                    0x08002341   Thumb Code    18  stm32f10x_tim.o(.text)
    TIM_OC1NPolarityConfig                   0x08002353   Thumb Code    18  stm32f10x_tim.o(.text)
    TIM_OC2PolarityConfig                    0x08002365   Thumb Code    26  stm32f10x_tim.o(.text)
    TIM_OC2NPolarityConfig                   0x0800237f   Thumb Code    26  stm32f10x_tim.o(.text)
    TIM_OC3PolarityConfig                    0x08002399   Thumb Code    26  stm32f10x_tim.o(.text)
    TIM_OC3NPolarityConfig                   0x080023b3   Thumb Code    26  stm32f10x_tim.o(.text)
    TIM_OC4PolarityConfig                    0x080023cd   Thumb Code    26  stm32f10x_tim.o(.text)
    TIM_CCxCmd                               0x080023e7   Thumb Code    30  stm32f10x_tim.o(.text)
    TIM_CCxNCmd                              0x08002405   Thumb Code    30  stm32f10x_tim.o(.text)
    TIM_SelectOCxM                           0x08002423   Thumb Code    82  stm32f10x_tim.o(.text)
    TIM_UpdateDisableConfig                  0x08002475   Thumb Code    24  stm32f10x_tim.o(.text)
    TIM_UpdateRequestConfig                  0x0800248d   Thumb Code    24  stm32f10x_tim.o(.text)
    TIM_SelectHallSensor                     0x080024a5   Thumb Code    24  stm32f10x_tim.o(.text)
    TIM_SelectOnePulseMode                   0x080024bd   Thumb Code    18  stm32f10x_tim.o(.text)
    TIM_SelectOutputTrigger                  0x080024cf   Thumb Code    18  stm32f10x_tim.o(.text)
    TIM_SelectSlaveMode                      0x080024e1   Thumb Code    18  stm32f10x_tim.o(.text)
    TIM_SelectMasterSlaveMode                0x080024f3   Thumb Code    18  stm32f10x_tim.o(.text)
    TIM_SetCounter                           0x08002505   Thumb Code     4  stm32f10x_tim.o(.text)
    TIM_SetAutoreload                        0x08002509   Thumb Code     4  stm32f10x_tim.o(.text)
    TIM_SetCompare1                          0x0800250d   Thumb Code     4  stm32f10x_tim.o(.text)
    TIM_SetCompare2                          0x08002511   Thumb Code     4  stm32f10x_tim.o(.text)
    TIM_SetCompare3                          0x08002515   Thumb Code     4  stm32f10x_tim.o(.text)
    TIM_SetCompare4                          0x08002519   Thumb Code     6  stm32f10x_tim.o(.text)
    TIM_SetClockDivision                     0x0800251f   Thumb Code    18  stm32f10x_tim.o(.text)
    TIM_GetCapture1                          0x08002531   Thumb Code     6  stm32f10x_tim.o(.text)
    TIM_GetCapture2                          0x08002537   Thumb Code     6  stm32f10x_tim.o(.text)
    TIM_GetCapture3                          0x0800253d   Thumb Code     6  stm32f10x_tim.o(.text)
    TIM_GetCapture4                          0x08002543   Thumb Code     8  stm32f10x_tim.o(.text)
    TIM_GetCounter                           0x0800254b   Thumb Code     6  stm32f10x_tim.o(.text)
    TIM_GetPrescaler                         0x08002551   Thumb Code     6  stm32f10x_tim.o(.text)
    TIM_GetFlagStatus                        0x08002557   Thumb Code    18  stm32f10x_tim.o(.text)
    TIM_ClearFlag                            0x08002569   Thumb Code     6  stm32f10x_tim.o(.text)
    TIM_GetITStatus                          0x0800256f   Thumb Code    34  stm32f10x_tim.o(.text)
    TIM_ClearITPendingBit                    0x08002591   Thumb Code     6  stm32f10x_tim.o(.text)
    USART_DeInit                             0x08002599   Thumb Code   134  stm32f10x_usart.o(.text)
    USART_Init                               0x0800261f   Thumb Code   210  stm32f10x_usart.o(.text)
    USART_StructInit                         0x080026f1   Thumb Code    24  stm32f10x_usart.o(.text)
    USART_ClockInit                          0x08002709   Thumb Code    34  stm32f10x_usart.o(.text)
    USART_ClockStructInit                    0x0800272b   Thumb Code    12  stm32f10x_usart.o(.text)
    USART_Cmd                                0x08002737   Thumb Code    24  stm32f10x_usart.o(.text)
    USART_ITConfig                           0x0800274f   Thumb Code    74  stm32f10x_usart.o(.text)
    USART_DMACmd                             0x08002799   Thumb Code    18  stm32f10x_usart.o(.text)
    USART_SetAddress                         0x080027ab   Thumb Code    18  stm32f10x_usart.o(.text)
    USART_WakeUpConfig                       0x080027bd   Thumb Code    18  stm32f10x_usart.o(.text)
    USART_ReceiverWakeUpCmd                  0x080027cf   Thumb Code    24  stm32f10x_usart.o(.text)
    USART_LINBreakDetectLengthConfig         0x080027e7   Thumb Code    18  stm32f10x_usart.o(.text)
    USART_LINCmd                             0x080027f9   Thumb Code    24  stm32f10x_usart.o(.text)
    USART_SendData                           0x08002811   Thumb Code     8  stm32f10x_usart.o(.text)
    USART_ReceiveData                        0x08002819   Thumb Code    10  stm32f10x_usart.o(.text)
    USART_SendBreak                          0x08002823   Thumb Code    10  stm32f10x_usart.o(.text)
    USART_SetGuardTime                       0x0800282d   Thumb Code    16  stm32f10x_usart.o(.text)
    USART_SetPrescaler                       0x0800283d   Thumb Code    16  stm32f10x_usart.o(.text)
    USART_SmartCardCmd                       0x0800284d   Thumb Code    24  stm32f10x_usart.o(.text)
    USART_SmartCardNACKCmd                   0x08002865   Thumb Code    24  stm32f10x_usart.o(.text)
    USART_HalfDuplexCmd                      0x0800287d   Thumb Code    24  stm32f10x_usart.o(.text)
    USART_OverSampling8Cmd                   0x08002895   Thumb Code    22  stm32f10x_usart.o(.text)
    USART_OneBitMethodCmd                    0x080028ab   Thumb Code    24  stm32f10x_usart.o(.text)
    USART_IrDAConfig                         0x080028c3   Thumb Code    18  stm32f10x_usart.o(.text)
    USART_IrDACmd                            0x080028d5   Thumb Code    24  stm32f10x_usart.o(.text)
    USART_GetFlagStatus                      0x080028ed   Thumb Code    26  stm32f10x_usart.o(.text)
    USART_ClearFlag                          0x08002907   Thumb Code    18  stm32f10x_usart.o(.text)
    USART_GetITStatus                        0x08002919   Thumb Code    84  stm32f10x_usart.o(.text)
    USART_ClearITPendingBit                  0x0800296d   Thumb Code    52  stm32f10x_usart.o(.text)
    main                                     0x080029a1   Thumb Code    84  main.o(.text)
    NMI_Handler                              0x08002a11   Thumb Code     2  stm32f10x_it.o(.text)
    HardFault_Handler                        0x08002a13   Thumb Code     4  stm32f10x_it.o(.text)
    MemManage_Handler                        0x08002a17   Thumb Code     4  stm32f10x_it.o(.text)
    BusFault_Handler                         0x08002a1b   Thumb Code     4  stm32f10x_it.o(.text)
    UsageFault_Handler                       0x08002a1f   Thumb Code     4  stm32f10x_it.o(.text)
    SVC_Handler                              0x08002a23   Thumb Code     2  stm32f10x_it.o(.text)
    DebugMon_Handler                         0x08002a25   Thumb Code     2  stm32f10x_it.o(.text)
    PendSV_Handler                           0x08002a27   Thumb Code     2  stm32f10x_it.o(.text)
    SystemInit                               0x08002b07   Thumb Code    78  system_stm32f10x.o(.text)
    SystemCoreClockUpdate                    0x08002b55   Thumb Code   142  system_stm32f10x.o(.text)
    LED1_Config                              0x08002c15   Thumb Code    36  led.o(.text)
    LED2_Config                              0x08002c39   Thumb Code    36  led.o(.text)
    LED3_Config                              0x08002c5d   Thumb Code    36  led.o(.text)
    LED4_Config                              0x08002c81   Thumb Code    36  led.o(.text)
    Led_cnf                                  0x08002ca5   Thumb Code   196  led.o(.text)
    LED_ss                                   0x08002d69   Thumb Code   260  led.o(.text)
    LED_hx                                   0x08002e6d   Thumb Code   302  led.o(.text)
    KEY_config                               0x08002fbd   Thumb Code    46  key.o(.text)
    Scan_KeyValue                            0x08002feb   Thumb Code    78  key.o(.text)
    Scan2_KeyValue                           0x08003039   Thumb Code   176  key.o(.text)
    Key                                      0x080030e9   Thumb Code   102  key.o(.text)
    Get_key                                  0x0800314f   Thumb Code    98  key.o(.text)
    Get_keyup                                0x080031b1   Thumb Code   136  key.o(.text)
    Get_keydown                              0x08003239   Thumb Code   144  key.o(.text)
    Get_keyright                             0x080032c9   Thumb Code   144  key.o(.text)
    Get_keylift                              0x08003359   Thumb Code   202  key.o(.text)
    USART1_Config                            0x0800342d   Thumb Code   116  usart.o(.text)
    AFIO_CYS                                 0x080034a1   Thumb Code   120  usart.o(.text)
    USART1_Zhong                             0x08003519   Thumb Code   158  usart.o(.text)
    fputc                                    0x080035b7   Thumb Code    32  usart.o(.text)
    USART_Echo                               0x080035d7   Thumb Code    50  usart.o(.text)
    USART_js                                 0x08003609   Thumb Code    60  usart.o(.text)
    USART_Fun2                               0x08003645   Thumb Code    66  usart.o(.text)
    USART_ZFC                                0x08003687   Thumb Code   100  usart.o(.text)
    AFIO_HX                                  0x080036eb   Thumb Code    50  usart.o(.text)
    AFIO_ZFSZ                                0x0800371d   Thumb Code    96  usart.o(.text)
    USART_SC                                 0x0800377d   Thumb Code   364  usart.o(.text)
    USART1_TEXT                              0x080038e9   Thumb Code    92  usart.o(.text)
    USART1_IRQHandler                        0x08003945   Thumb Code    74  usart.o(.text)
    Exti0_Config                             0x080039c1   Thumb Code   100  exti0.o(.text)
    EXTI0_IRQHandler                         0x08003a25   Thumb Code    24  exti0.o(.text)
    Systick_Config                           0x08003a4d   Thumb Code    98  systick.o(.text)
    Delay_us                                 0x08003aaf   Thumb Code    48  systick.o(.text)
    SysTick_Handler                          0x08003adf   Thumb Code    18  systick.o(.text)
    LCD_WR_REG                               0x08003b1b   Thumb Code     6  lcd.o(.text)
    LCD_WR_DATA                              0x08003b21   Thumb Code     8  lcd.o(.text)
    LCD_RD_DATA                              0x08003b29   Thumb Code     8  lcd.o(.text)
    LCD_WriteReg                             0x08003b31   Thumb Code    10  lcd.o(.text)
    LCD_ReadReg                              0x08003b3b   Thumb Code    22  lcd.o(.text)
    LCD_WriteRAM_Prepare                     0x08003b51   Thumb Code    10  lcd.o(.text)
    LCD_WriteRAM                             0x08003b5b   Thumb Code     8  lcd.o(.text)
    LCD_GPIO_Config                          0x08003b63   Thumb Code   150  lcd.o(.text)
    LCD_FSMC_Config                          0x08003bf9   Thumb Code   120  lcd.o(.text)
    LCD_init_RGB                             0x08003c71   Thumb Code   730  lcd.o(.text)
    LCD_SetCursor                            0x08003f4b   Thumb Code    60  lcd.o(.text)
    LCD_Clear                                0x08003f87   Thumb Code    42  lcd.o(.text)
    LCD_Scan_Dir                             0x08003fb1   Thumb Code   362  lcd.o(.text)
    LCD_Display_Dir                          0x0800411b   Thumb Code   138  lcd.o(.text)
    LCD_DisplayOn                            0x080041a5   Thumb Code    12  lcd.o(.text)
    LCD_Init                                 0x080041b1   Thumb Code    34  lcd.o(.text)
    LCD_DrawPoint                            0x080041d3   Thumb Code    26  lcd.o(.text)
    LCD_ReadPoint                            0x080041ed   Thumb Code   118  lcd.o(.text)
    LCD_DisplayOff                           0x08004263   Thumb Code    12  lcd.o(.text)
    show_xXx                                 0x0800426f   Thumb Code   120  lcd.o(.text)
    Draw_Text_8_16_Str                       0x080042e7   Thumb Code   212  lcd.o(.text)
    Draw_Text_16_16_Str_zk                   0x080043bb   Thumb Code    98  lcd.o(.text)
    Draw_Text_Str                            0x0800441d   Thumb Code   176  lcd.o(.text)
    Paint_Bmp                                0x080044cd   Thumb Code    96  lcd.o(.text)
    reverse                                  0x0800452d   Thumb Code    38  lcd.o(.text)
    my_itoa                                  0x08004553   Thumb Code    74  lcd.o(.text)
    LCD_Fill                                 0x0800459d   Thumb Code    80  lcd.o(.text)
    ASCII_NUM                                0x08004605   Thumb Code    18  zi.o(.text)
    GB16_NUM                                 0x08004617   Thumb Code    18  zi.o(.text)
    IIC_Init                                 0x08004631   Thumb Code   106  iic.o(.text)
    IIC_WritePage                            0x0800469b   Thumb Code   146  iic.o(.text)
    IIC_Roundread                            0x0800472d   Thumb Code   236  iic.o(.text)
    IIC_Display                              0x08004819   Thumb Code    42  iic.o(.text)
    Clear_buffer                             0x08004843   Thumb Code    20  iic.o(.text)
    IIC_Test                                 0x08004857   Thumb Code   144  iic.o(.text)
    IIC_Sive                                 0x080048e7   Thumb Code   182  iic.o(.text)
    TIM6_Config                              0x08004a4d   Thumb Code    74  time6.o(.text)
    NVIC6_Config                             0x08004a97   Thumb Code    30  time6.o(.text)
    TIM6_IRQHandler                          0x08004ab5   Thumb Code    34  time6.o(.text)
    TIM6_Seconds                             0x08004ad7   Thumb Code   166  time6.o(.text)
    TIM6_Seconds_2                           0x08004b7d   Thumb Code   406  time6.o(.text)
    TIM6_Seconds_Counter                     0x08004d13   Thumb Code   212  time6.o(.text)
    TP_GPIOConfig                            0x08004e43   Thumb Code    76  touch.o(.text)
    TP_Read_Data                             0x08004e8f   Thumb Code    64  touch.o(.text)
    TP_Write_Cmd                             0x08004ecf   Thumb Code    78  touch.o(.text)
    TP_Read_AD                               0x08004f1d   Thumb Code    92  touch.o(.text)
    TP_Read_xy                               0x08004f79   Thumb Code    32  touch.o(.text)
    my_itoa_n                                0x08004f99   Thumb Code   128  touch.o(.text)
    Test_touch                               0x08005019   Thumb Code   116  touch.o(.text)
    Adjust_test                              0x0800508d   Thumb Code   288  touch.o(.text)
    Three_adjust                             0x080051ad   Thumb Code   770  touch.o(.text)
    Display_LCD_xy                           0x080054af   Thumb Code   192  touch.o(.text)
    Get_LCDXYValueFormTP                     0x0800556f   Thumb Code   186  touch.o(.text)
    IIC_WritePage_Adjust                     0x08005629   Thumb Code   140  touch.o(.text)
    IIC_ReadPage_Adjust                      0x080056b5   Thumb Code   192  touch.o(.text)
    FLASH_Init                               0x08005791   Thumb Code   172  flash.o(.text)
    SPI2_Send_Receive_Byte                   0x0800583d   Thumb Code    50  flash.o(.text)
    FLASH_WriteEnable                        0x0800586f   Thumb Code    30  flash.o(.text)
    FLASH_WaitForWriteEnd                    0x0800588d   Thumb Code    50  flash.o(.text)
    FLASH_WritePage                          0x080058bf   Thumb Code    86  flash.o(.text)
    FLASH_WriteBuffer                        0x08005915   Thumb Code   290  flash.o(.text)
    FLASH_ReadBuffer                         0x08005a37   Thumb Code    80  flash.o(.text)
    FLASH_ReadID                             0x08005a87   Thumb Code    78  flash.o(.text)
    FLASH_EraseSector                        0x08005ad5   Thumb Code    62  flash.o(.text)
    FLASH_EraseBlock                         0x08005b13   Thumb Code    62  flash.o(.text)
    FLASH_EraseBulk                          0x08005b51   Thumb Code    38  flash.o(.text)
    Clear_buffer2                            0x08005b77   Thumb Code    20  flash.o(.text)
    TIM3_Config                              0x08005b95   Thumb Code   150  time3.o(.text)
    TIM3_IRQHandler                          0x08005c2b   Thumb Code   222  time3.o(.text)
    USART_485                                0x08005da1   Thumb Code    38  485.o(.text)
    USART2_Config                            0x08005dc7   Thumb Code   110  485.o(.text)
    RS485_NVICConfig                         0x08005e35   Thumb Code    42  485.o(.text)
    RS485Config                              0x08005e5f   Thumb Code    34  485.o(.text)
    USART_Get_485                            0x08005e81   Thumb Code    52  485.o(.text)
    USART_Send_485                           0x08005eb5   Thumb Code    34  485.o(.text)
    RS485QUEUE_Receive                       0x08005ed7   Thumb Code    72  485.o(.text)
    RS485QUEUE_Transmit                      0x08005f1f   Thumb Code    76  485.o(.text)
    RS485QUEUE_init                          0x08005f6b   Thumb Code    34  485.o(.text)
    USART2_IRQHandler                        0x08005f8d   Thumb Code    50  485.o(.text)
    rand                                     0x0800600d   Thumb Code    20  rand.o(.text)
    srand                                    0x08006021   Thumb Code     6  rand.o(.text)
    __aeabi_memcpy                           0x08006031   Thumb Code    36  memcpya.o(.text)
    __aeabi_memcpy4                          0x08006031   Thumb Code     0  memcpya.o(.text)
    __aeabi_memcpy8                          0x08006031   Thumb Code     0  memcpya.o(.text)
    strcmp                                   0x08006055   Thumb Code    28  strcmp.o(.text)
    __aeabi_fmul                             0x08006071   Thumb Code   100  fmul.o(.text)
    __aeabi_fdiv                             0x080060d5   Thumb Code   124  fdiv.o(.text)
    __aeabi_dadd                             0x08006151   Thumb Code   322  dadd.o(.text)
    __aeabi_dsub                             0x08006293   Thumb Code     6  dadd.o(.text)
    __aeabi_drsub                            0x08006299   Thumb Code     6  dadd.o(.text)
    __aeabi_dmul                             0x0800629f   Thumb Code   228  dmul.o(.text)
    __aeabi_ddiv                             0x08006383   Thumb Code   222  ddiv.o(.text)
    __aeabi_ui2f                             0x08006461   Thumb Code    10  ffltui.o(.text)
    __aeabi_f2d                              0x0800646b   Thumb Code    38  f2d.o(.text)
    __aeabi_cfcmpeq                          0x08006491   Thumb Code     0  cfcmple.o(.text)
    __aeabi_cfcmple                          0x08006491   Thumb Code    20  cfcmple.o(.text)
    __aeabi_uidiv                            0x080064a5   Thumb Code     0  uidiv.o(.text)
    __aeabi_uidivmod                         0x080064a5   Thumb Code    44  uidiv.o(.text)
    __aeabi_uldivmod                         0x080064d1   Thumb Code    98  uldiv.o(.text)
    __aeabi_llsl                             0x08006533   Thumb Code    30  llshl.o(.text)
    _ll_shift_l                              0x08006533   Thumb Code     0  llshl.o(.text)
    __aeabi_llsr                             0x08006551   Thumb Code    32  llushr.o(.text)
    _ll_ushift_r                             0x08006551   Thumb Code     0  llushr.o(.text)
    __aeabi_lasr                             0x08006571   Thumb Code    36  llsshr.o(.text)
    _ll_sshift_r                             0x08006571   Thumb Code     0  llsshr.o(.text)
    __I$use$fp                               0x08006595   Thumb Code     0  iusefp.o(.text)
    _float_round                             0x08006595   Thumb Code    18  fepilogue.o(.text)
    _float_epilogue                          0x080065a7   Thumb Code    92  fepilogue.o(.text)
    _double_round                            0x08006603   Thumb Code    26  depilogue.o(.text)
    _double_epilogue                         0x0800661d   Thumb Code   156  depilogue.o(.text)
    __aeabi_d2ulz                            0x080066b9   Thumb Code    48  dfixul.o(.text)
    __aeabi_cdrcmple                         0x080066e9   Thumb Code    38  cdrcmple.o(.text)
    __scatterload                            0x08006711   Thumb Code    28  init.o(.text)
    __scatterload_rt2                        0x08006711   Thumb Code     0  init.o(.text)
    __decompress                             0x08006735   Thumb Code     0  __dclz77c.o(.text)
    __decompress2                            0x08006735   Thumb Code    94  __dclz77c.o(.text)
    __0printf                                0x08006795   Thumb Code    22  printfa.o(i.__0printf)
    __1printf                                0x08006795   Thumb Code     0  printfa.o(i.__0printf)
    __2printf                                0x08006795   Thumb Code     0  printfa.o(i.__0printf)
    __c89printf                              0x08006795   Thumb Code     0  printfa.o(i.__0printf)
    printf                                   0x08006795   Thumb Code     0  printfa.o(i.__0printf)
    __scatterload_copy                       0x080067b5   Thumb Code    14  handlers.o(i.__scatterload_copy)
    __scatterload_null                       0x080067c3   Thumb Code     2  handlers.o(i.__scatterload_null)
    __scatterload_zeroinit                   0x080067c5   Thumb Code    14  handlers.o(i.__scatterload_zeroinit)
    Region$$Table$$Base                      0x08007098   Number         0  anon$$obj.o(Region$$Table)
    Region$$Table$$Limit                     0x080070b8   Number         0  anon$$obj.o(Region$$Table)
    SystemCoreClock                          0x20000014   Data           4  system_stm32f10x.o(.data)
    AHBPrescTable                            0x20000018   Data          16  system_stm32f10x.o(.data)
    key                                      0x20000028   Data           1  key.o(.data)
    usart1_ch                                0x20000051   Data           3  usart.o(.data)
    usart1_flag                              0x20000054   Data           1  usart.o(.data)
    str                                      0x20000055   Data           3  usart.o(.data)
    systick_time                             0x20000060   Data           4  systick.o(.data)
    zk_addr1                                 0x20000064   Data           4  lcd.o(.data)
    hz                                       0x20000068   Data         352  zi.o(.data)
    zf                                       0x200001c8   Data        1488  zi.o(.data)
    zf_index                                 0x20000798   Data          94  zi.o(.data)
    hz_index                                 0x200007f6   Data          23  zi.o(.data)
    sum                                      0x20000810   Data           4  time6.o(.data)
    TM                                       0x20000814   Data           4  time6.o(.data)
    TS                                       0x20000818   Data           4  time6.o(.data)
    TMS                                      0x2000081c   Data           4  time6.o(.data)
    LCD_Watch_Num                            0x20000820   Data         160  time6.o(.data)
    A                                        0x200008c4   Data           4  touch.o(.data)
    B                                        0x200008c8   Data           4  touch.o(.data)
    C                                        0x200008cc   Data           4  touch.o(.data)
    D                                        0x200008d0   Data           4  touch.o(.data)
    E                                        0x200008d4   Data           4  touch.o(.data)
    F                                        0x200008d8   Data           4  touch.o(.data)
    K                                        0x200008dc   Data           4  touch.o(.data)
    IC2Value                                 0x200008ec   Data           4  time3.o(.data)
    DutyCycle                                0x200008f0   Data           4  time3.o(.data)
    Frequency                                0x200008f4   Data           4  time3.o(.data)
    IC1Value                                 0x200008f8   Data           4  time3.o(.data)
    tim3_num                                 0x200008fc   Data           4  time3.o(.data)
    __stdout                                 0x20000904   Data           4  stdout.o(.data)
    lcddev                                   0x20000908   Data          10  lcd.o(.bss)
    dots                                     0x20000912   Data          32  lcd.o(.bss)
    num                                      0x20000948   Data          28  touch.o(.bss)
    RS485_QUEUElen                           0x20000964   Data          84  485.o(.bss)
    __initial_sp                             0x20000db8   Data           0  startup_stm32f10x_hd.o(STACK)



==============================================================================

Memory Map of the image

  Image Entry point : 0x08000145

  Load Region LR_1 (Base: 0x08000000, Size: 0x000079c0, Max: 0xffffffff, ABSOLUTE, COMPRESSED[0x0000758c])

    Execution Region ER_RO (Base: 0x08000000, Size: 0x000070b8, Max: 0xffffffff, ABSOLUTE)

    Base Addr    Size         Type   Attr      Idx    E Section Name        Object

    0x08000000   0x00000130   Data   RO            3    RESET               startup_stm32f10x_hd.o
    0x08000130   0x00000000   Code   RO         1122  * .ARM.Collect$$$$00000000  mc_w.l(entry.o)
    0x08000130   0x00000004   Code   RO         1427    .ARM.Collect$$$$00000001  mc_w.l(entry2.o)
    0x08000134   0x00000004   Code   RO         1430    .ARM.Collect$$$$00000004  mc_w.l(entry5.o)
    0x08000138   0x00000000   Code   RO         1432    .ARM.Collect$$$$00000008  mc_w.l(entry7b.o)
    0x08000138   0x00000000   Code   RO         1434    .ARM.Collect$$$$0000000A  mc_w.l(entry8b.o)
    0x08000138   0x00000008   Code   RO         1435    .ARM.Collect$$$$0000000B  mc_w.l(entry9a.o)
    0x08000140   0x00000000   Code   RO         1437    .ARM.Collect$$$$0000000D  mc_w.l(entry10a.o)
    0x08000140   0x00000000   Code   RO         1439    .ARM.Collect$$$$0000000F  mc_w.l(entry11a.o)
    0x08000140   0x00000004   Code   RO         1428    .ARM.Collect$$$$00002712  mc_w.l(entry2.o)
    0x08000144   0x00000024   Code   RO            4  * .text               startup_stm32f10x_hd.o
    0x08000168   0x000000dc   Code   RO           24    .text               misc.o
    0x08000244   0x0000011c   Code   RO          215    .text               stm32f10x_exti.o
    0x08000360   0x0000060c   Code   RO          239    .text               stm32f10x_fsmc.o
    0x0800096c   0x0000035c   Code   RO          251    .text               stm32f10x_gpio.o
    0x08000cc8   0x00000404   Code   RO          263    .text               stm32f10x_i2c.o
    0x080010cc   0x000003a4   Code   RO          299    .text               stm32f10x_rcc.o
    0x08001470   0x0000030c   Code   RO          337    .text               stm32f10x_spi.o
    0x0800177c   0x00000e1a   Code   RO          349    .text               stm32f10x_tim.o
    0x08002596   0x00000002   PAD
    0x08002598   0x00000408   Code   RO          361    .text               stm32f10x_usart.o
    0x080029a0   0x00000070   Code   RO          385    .text               main.o
    0x08002a10   0x00000018   Code   RO          592    .text               stm32f10x_it.o
    0x08002a28   0x000001e0   Code   RO          607    .text               system_stm32f10x.o
    0x08002c08   0x000003a8   Code   RO          625    .text               led.o
    0x08002fb0   0x0000047c   Code   RO          655    .text               key.o
    0x0800342c   0x00000594   Code   RO          673    .text               usart.o
    0x080039c0   0x0000008c   Code   RO          691    .text               exti0.o
    0x08003a4c   0x000000b0   Code   RO          706    .text               systick.o
    0x08003afc   0x00000b08   Code   RO          728    .text               lcd.o
    0x08004604   0x0000002c   Code   RO          747    .text               zi.o
    0x08004630   0x0000041c   Code   RO          772    .text               iic.o
    0x08004a4c   0x000003d8   Code   RO          796    .text               time6.o
    0x08004e24   0x0000096c   Code   RO          811    .text               touch.o
    0x08005790   0x00000404   Code   RO          831    .text               flash.o
    0x08005b94   0x0000020c   Code   RO          855    .text               time3.o
    0x08005da0   0x0000026c   Code   RO          885    .text               485.o
    0x0800600c   0x00000024   Code   RO         1125    .text               mc_w.l(rand.o)
    0x08006030   0x00000024   Code   RO         1128    .text               mc_w.l(memcpya.o)
    0x08006054   0x0000001c   Code   RO         1130    .text               mc_w.l(strcmp.o)
    0x08006070   0x00000064   Code   RO         1397    .text               mf_w.l(fmul.o)
    0x080060d4   0x0000007c   Code   RO         1399    .text               mf_w.l(fdiv.o)
    0x08006150   0x0000014e   Code   RO         1401    .text               mf_w.l(dadd.o)
    0x0800629e   0x000000e4   Code   RO         1403    .text               mf_w.l(dmul.o)
    0x08006382   0x000000de   Code   RO         1405    .text               mf_w.l(ddiv.o)
    0x08006460   0x0000000a   Code   RO         1409    .text               mf_w.l(ffltui.o)
    0x0800646a   0x00000026   Code   RO         1419    .text               mf_w.l(f2d.o)
    0x08006490   0x00000014   Code   RO         1425    .text               mf_w.l(cfcmple.o)
    0x080064a4   0x0000002c   Code   RO         1442    .text               mc_w.l(uidiv.o)
    0x080064d0   0x00000062   Code   RO         1444    .text               mc_w.l(uldiv.o)
    0x08006532   0x0000001e   Code   RO         1446    .text               mc_w.l(llshl.o)
    0x08006550   0x00000020   Code   RO         1448    .text               mc_w.l(llushr.o)
    0x08006570   0x00000024   Code   RO         1450    .text               mc_w.l(llsshr.o)
    0x08006594   0x00000000   Code   RO         1459    .text               mc_w.l(iusefp.o)
    0x08006594   0x0000006e   Code   RO         1460    .text               mf_w.l(fepilogue.o)
    0x08006602   0x000000b6   Code   RO         1462    .text               mf_w.l(depilogue.o)
    0x080066b8   0x00000030   Code   RO         1466    .text               mf_w.l(dfixul.o)
    0x080066e8   0x00000028   Code   RO         1468    .text               mf_w.l(cdrcmple.o)
    0x08006710   0x00000024   Code   RO         1470    .text               mc_w.l(init.o)
    0x08006734   0x0000005e   Code   RO         1480    .text               mc_w.l(__dclz77c.o)
    0x08006792   0x00000002   PAD
    0x08006794   0x00000020   Code   RO         1367    i.__0printf         mc_w.l(printfa.o)
    0x080067b4   0x0000000e   Code   RO         1474    i.__scatterload_copy  mc_w.l(handlers.o)
    0x080067c2   0x00000002   Code   RO         1475    i.__scatterload_null  mc_w.l(handlers.o)
    0x080067c4   0x0000000e   Code   RO         1476    i.__scatterload_zeroinit  mc_w.l(handlers.o)
    0x080067d2   0x00000002   PAD
    0x080067d4   0x00000164   Code   RO         1374    i._fp_digits        mc_w.l(printfa.o)
    0x08006938   0x000006dc   Code   RO         1375    i._printf_core      mc_w.l(printfa.o)
    0x08007014   0x00000024   Code   RO         1376    i._printf_post_padding  mc_w.l(printfa.o)
    0x08007038   0x0000002e   Code   RO         1377    i._printf_pre_padding  mc_w.l(printfa.o)
    0x08007066   0x00000002   PAD
    0x08007068   0x0000002e   Data   RO          813    .constdata          touch.o
    0x08007096   0x00000002   PAD
    0x08007098   0x00000020   Data   RO         1472    Region$$Table       anon$$obj.o


    Execution Region ER_RW (Base: 0x20000000, Size: 0x00000908, Max: 0xffffffff, ABSOLUTE, COMPRESSED[0x000004d4])

    Base Addr    Size         Type   Attr      Idx    E Section Name        Object

    0x20000000   0x00000014   Data   RW          300    .data               stm32f10x_rcc.o
    0x20000014   0x00000014   Data   RW          608    .data               system_stm32f10x.o
    0x20000028   0x00000028   Data   RW          656    .data               key.o
    0x20000050   0x00000010   Data   RW          674    .data               usart.o
    0x20000060   0x00000004   Data   RW          707    .data               systick.o
    0x20000064   0x00000004   Data   RW          730    .data               lcd.o
    0x20000068   0x000007a5   Data   RW          748    .data               zi.o
    0x2000080d   0x00000003   PAD
    0x20000810   0x000000b4   Data   RW          797    .data               time6.o
    0x200008c4   0x00000025   Data   RW          814    .data               touch.o
    0x200008e9   0x00000003   PAD
    0x200008ec   0x00000014   Data   RW          856    .data               time3.o
    0x20000900   0x00000004   Data   RW         1126    .data               mc_w.l(rand.o)
    0x20000904   0x00000004   Data   RW         1441    .data               mc_w.l(stdout.o)


    Execution Region ER_ZI (Base: 0x20000908, Size: 0x000004b0, Max: 0xffffffff, ABSOLUTE)

    Base Addr    Size         Type   Attr      Idx    E Section Name        Object

    0x20000908   0x0000003e   Zero   RW          729    .bss                lcd.o
    0x20000946   0x00000002   PAD
    0x20000948   0x0000001c   Zero   RW          812    .bss                touch.o
    0x20000964   0x00000054   Zero   RW          886    .bss                485.o
    0x200009b8   0x00000400   Zero   RW            1    STACK               startup_stm32f10x_hd.o


==============================================================================

Image component sizes


      Code (inc. data)   RO Data    RW Data    ZI Data      Debug   Object Name

       620         78          0          0         84       2322   485.o
         0          0          0          0          0       4272   core_cm3.o
       140         16          0          0          0        700   exti0.o
      1028         10          0          0          0       3593   flash.o
      1052        176          0          0          0       2710   iic.o
      1148         66          0         40          0       2479   key.o
      2824         88          0          4         62       9731   lcd.o
       936         22          0          0          0       1496   led.o
       112         28          0          0          0     264247   main.o
       220         22          0          0          0     274861   misc.o
        36          8        304          0       1024        816   startup_stm32f10x_hd.o
       284         10          0          0          0       2187   stm32f10x_exti.o
      1548         18          0          0          0       5303   stm32f10x_fsmc.o
       860         38          0          0          0       5601   stm32f10x_gpio.o
      1028         16          0          0          0       9063   stm32f10x_i2c.o
        24          0          0          0          0       1094   stm32f10x_it.o
       932         36          0         20          0       8752   stm32f10x_rcc.o
       780         14          0          0          0       6478   stm32f10x_spi.o
      3610         88          0          0          0      22084   stm32f10x_tim.o
      1032         22          0          0          0       8324   stm32f10x_usart.o
       480         38          0         20          0       1731   system_stm32f10x.o
       176         12          0          4          0      16296   systick.o
       524        152          0         20          0       1147   time3.o
       984         62          0        180          0       2334   time6.o
      2412        256         46         37         28       5655   touch.o
      1428        114          0         16          0       3706   usart.o
        44          8          0       1957          0       1143   zi.o

    ----------------------------------------------------------------------
     24264       1398        384       2304       1200     668125   Object Totals
         0          0         32          0          0          0   (incl. Generated)
         2          0          2          6          2          0   (incl. Padding)

    ----------------------------------------------------------------------

      Code (inc. data)   RO Data    RW Data    ZI Data      Debug   Library Member Name

        94          0          0          0          0          0   __dclz77c.o
         0          0          0          0          0          0   entry.o
         0          0          0          0          0          0   entry10a.o
         0          0          0          0          0          0   entry11a.o
         8          4          0          0          0          0   entry2.o
         4          0          0          0          0          0   entry5.o
         0          0          0          0          0          0   entry7b.o
         0          0          0          0          0          0   entry8b.o
         8          4          0          0          0          0   entry9a.o
        30          0          0          0          0          0   handlers.o
        36          8          0          0          0         68   init.o
         0          0          0          0          0          0   iusefp.o
        30          0          0          0          0         68   llshl.o
        36          0          0          0          0         68   llsshr.o
        32          0          0          0          0         68   llushr.o
        36          0          0          0          0         68   memcpya.o
      2226         90          0          0          0        444   printfa.o
        36         10          0          4          0        136   rand.o
         0          0          0          4          0          0   stdout.o
        28          0          0          0          0         76   strcmp.o
        44          0          0          0          0         80   uidiv.o
        98          0          0          0          0         92   uldiv.o
        40          2          0          0          0         68   cdrcmple.o
        20          0          0          0          0         68   cfcmple.o
       334          0          0          0          0        148   dadd.o
       222          0          0          0          0        100   ddiv.o
       182          0          0          0          0        176   depilogue.o
        48          0          0          0          0         68   dfixul.o
       228          0          0          0          0         96   dmul.o
        38          0          0          0          0         68   f2d.o
       124          0          0          0          0         88   fdiv.o
       110          0          0          0          0        168   fepilogue.o
        10          0          0          0          0         68   ffltui.o
       100          0          0          0          0         76   fmul.o

    ----------------------------------------------------------------------
      4208        118          0          8          0       2360   Library Totals
         6          0          0          0          0          0   (incl. Padding)

    ----------------------------------------------------------------------

      Code (inc. data)   RO Data    RW Data    ZI Data      Debug   Library Name

      2746        116          0          8          0       1168   mc_w.l
      1456          2          0          0          0       1192   mf_w.l

    ----------------------------------------------------------------------
      4208        118          0          8          0       2360   Library Totals

    ----------------------------------------------------------------------

==============================================================================


      Code (inc. data)   RO Data    RW Data    ZI Data      Debug   

     28472       1516        384       2312       1200     667025   Grand Totals
     28472       1516        384       1236       1200     667025   ELF Image Totals (compressed)
     28472       1516        384       1236          0          0   ROM Totals

==============================================================================

    Total RO  Size (Code + RO Data)                28856 (  28.18kB)
    Total RW  Size (RW Data + ZI Data)              3512 (   3.43kB)
    Total ROM Size (Code + RO Data + RW Data)      30092 (  29.39kB)

==============================================================================

